Microchip MPLAB XC8 Compiler V1.42 ()

Linker command line:

-W-3 --edf=C:\Program Files (x86)\Microchip\xc8\v1.42\dat\en_msgs.txt -cs \
  -h+dist/default/production\XC8_18F25K22_LCD_Nokia5110.X.production.sym \
  --cmf=dist/default/production\XC8_18F25K22_LCD_Nokia5110.X.production.cmf \
  -z -Q18F25K22 -oC:\Users\MRCHU_~1\AppData\Local\Temp\ssg.2 \
  -Mdist/default/production/XC8_18F25K22_LCD_Nokia5110.X.production.map -E1 \
  -ver=XC8 -ASTACK=060h-05ffh -pstack=STACK -ACODE=00h-07FFFh \
  -ACONST=00h-07FFFh -ASMALLCONST=0600h-06FFhx122 \
  -AMEDIUMCONST=0600h-07FFFh -ACOMRAM=01h-05Fh -AABS1=00h-05FFh \
  -ABIGRAM=01h-05FFh -ARAM=060h-0FFh,0100h-01FFhx5 -ABANK0=060h-0FFh \
  -ABANK1=0100h-01FFh -ABANK2=0200h-02FFh -ABANK3=0300h-03FFh \
  -ABANK4=0400h-04FFh -ABANK5=0500h-05FFh -ASFR=0F38h-0F5Fh,0F60h-0FFFh \
  -preset_vec=00h,intcode,intcodelo,powerup,init -pramtop=0600h \
  -psmallconst=SMALLCONST -pmediumconst=MEDIUMCONST -pconst=CONST \
  -AFARRAM=00h-00h -ACONFIG=0300000h-030000Dh -pconfig=CONFIG \
  -AIDLOC=0200000h-0200007h -pidloc=IDLOC -AEEDATA=0F00000h-0F000FFh \
  -peeprom_data=EEDATA \
  -prdata=COMRAM,nvrram=COMRAM,nvbit=COMRAM,rbss=COMRAM,rbit=COMRAM \
  -pfarbss=FARRAM,fardata=FARRAM,nvFARRAM=FARRAM \
  -pintsave_regs=BIGRAM,bigbss=BIGRAM,bigdata=BIGRAM -pbss=RAM \
  -pidata=CODE,irdata=CODE,ibigdata=CODE,ifardata=CODE -prparam=COMRAM \
  C:\Users\MRCHU_~1\AppData\Local\Temp\ssg.obj \
  dist/default/production\XC8_18F25K22_LCD_Nokia5110.X.production.obj 

Object code version is 3.11

Machine type is 18F25K22

Call graph: (short form)




                Name                               Link     Load   Length Selector   Space Scale
C:\Users\MRCHU_~1\AppData\Local\Temp\ssg.obj
                init                                  0        0        4        0       0
                idloc                            200000   200000        8   200000       0
                config                           300000   300000        E   300000       0
dist/default/production\XC8_18F25K22_LCD_Nokia5110.X.production.obj
                mediumconst                        7BE4     7BE4      41C     3DF2       0
                text17                             764E     764E       26     3B27       0
                text16                             75FA     75FA       18     3AFD       0
                text15                             77F8     77F8       50     3BFC       0
                text14                             7612     7612       1C     3B09       0
                text13                             76C4     76C4       34     3B62       0
                text12                             7674     7674       26     3B3A       0
                text11                             789A     789A       7A     3C4D       0
                text10                             76F8     76F8       34     3B7C       0
                text9                              7ADC     7ADC      108     3D6E       0
                text8                              762E     762E       20     3B17       0
                text7                              769A     769A       2A     3B4D       0
                text6                              77B0     77B0       48     3BD8       0
                text5                              7A32     7A32       AA     3D19       0
                text4                              7848     7848       52     3C24       0
                text3                              772C     772C       42     3B96       0
                text2                              798E     798E       A4     3CC7       0
                text1                              776E     776E       42     3BB7       0
                text0                              7914     7914       7A     3C8A       0
                cstackCOMRAM                          1        1       18        1       1
                bssCOMRAM                            19       19        6        1       1
                cinit                              75E4     75E4       16     3AF2       0

TOTAL           Name                               Link     Load   Length     Space
        CLASS   STACK          

        CLASS   CODE           
                init                                  0        0        4         0
                text17                             764E     764E       26         0
                text16                             75FA     75FA       18         0
                text15                             77F8     77F8       50         0
                text14                             7612     7612       1C         0
                text13                             76C4     76C4       34         0
                text12                             7674     7674       26         0
                text11                             789A     789A       7A         0
                text10                             76F8     76F8       34         0
                text9                              7ADC     7ADC      108         0
                text8                              762E     762E       20         0
                text7                              769A     769A       2A         0
                text6                              77B0     77B0       48         0
                text5                              7A32     7A32       AA         0
                text4                              7848     7848       52         0
                text3                              772C     772C       42         0
                text2                              798E     798E       A4         0
                text1                              776E     776E       42         0
                text0                              7914     7914       7A         0
                cinit                              75E4     75E4       16         0

        CLASS   CONST          

        CLASS   SMALLCONST     

        CLASS   MEDIUMCONST    
                mediumconst                        7BE4     7BE4      41C         0

        CLASS   COMRAM         
                cstackCOMRAM                          1        1       18         1
                bssCOMRAM                            19       19        6         1

        CLASS   ABS1           

        CLASS   BIGRAM         

        CLASS   RAM            

        CLASS   BANK0          

        CLASS   BANK1          

        CLASS   BANK2          

        CLASS   BANK3          

        CLASS   BANK4          

        CLASS   BANK5          

        CLASS   SFR            

        CLASS   FARRAM         

        CLASS   CONFIG         
                config                           300000   300000        E         0

        CLASS   IDLOC          
                idloc                            200000   200000        8         0

        CLASS   EEDATA         



SEGMENTS        Name                           Load    Length   Top    Selector   Space  Class

                reset_vec                      000000  000004  000004         0       0  CODE    
                cstackCOMRAM                   000001  00001E  00001F         1       1  COMRAM  
                cinit                          0075E4  000016  0075FA      3AF2       0  CODE    
                text16                         0075FA  000018  007612      3AFD       0  CODE    
                text14                         007612  00001C  00762E      3B09       0  CODE    
                text8                          00762E  000020  00764E      3B17       0  CODE    
                text17                         00764E  000026  007674      3B27       0  CODE    
                text12                         007674  000026  00769A      3B3A       0  CODE    
                text7                          00769A  00002A  0076C4      3B4D       0  CODE    
                text13                         0076C4  000034  0076F8      3B62       0  CODE    
                text10                         0076F8  000034  00772C      3B7C       0  CODE    
                text3                          00772C  000042  00776E      3B96       0  CODE    
                text1                          00776E  000042  0077B0      3BB7       0  CODE    
                text6                          0077B0  000048  0077F8      3BD8       0  CODE    
                text15                         0077F8  000050  007848      3BFC       0  CODE    
                text4                          007848  000052  00789A      3C24       0  CODE    
                text11                         00789A  00007A  007914      3C4D       0  CODE    
                text0                          007914  00007A  00798E      3C8A       0  CODE    
                text2                          00798E  0000A4  007A32      3CC7       0  CODE    
                text5                          007A32  0000AA  007ADC      3D19       0  CODE    
                text9                          007ADC  000108  007BE4      3D6E       0  CODE    
                mediumconst                    007BE4  00041C  008000      3DF2       0  MEDIUMCO
                idloc                          200000  000008  200008    200000       0  IDLOC   
                config                         300000  00000E  30000E    300000       0  CONFIG  


UNUSED ADDRESS RANGES

        Name                Unused          Largest block    Delta
        BANK0            000060-0000FF               A0
        BANK1            000100-0001FF              100
        BANK2            000200-0002FF              100
        BANK3            000300-0003FF              100
        BANK4            000400-0004FF              100
        BANK5            000500-0005FF              100
        BIGRAM           00001F-0005FF              5E1
        CODE             000004-0075E3             75E0
        COMRAM           00001F-00005F               41
        CONST            000004-0075E3             75E0
        EEDATA           F00000-F000FF              100
        MEDIUMCONST      000600-0075E3             6FE4
        RAM              000060-0005FF              100
        SFR              000F38-000FFF               28
        SMALLCONST       000600-0075E3              100
        STACK            000060-0005FF              5A0

                                  Symbol Table

?___lwdiv                      cstackCOMRAM 000001
?___lwmod                      cstackCOMRAM 000001
?___wmul                       cstackCOMRAM 000001
Delay_ms@j                     cstackCOMRAM 000004
Delay_ms@t                     cstackCOMRAM 000001
EYRLCD_Bitmap@MY_ARRAY         cstackCOMRAM 00000B
EYRLCD_Bitmap@X                cstackCOMRAM 00000D
EYRLCD_Bitmap@Y                cstackCOMRAM 00000E
EYRLCD_Bitmap@index            cstackCOMRAM 000011
EYRLCD_Clear@index             cstackCOMRAM 00000B
EYRLCD_GotoXY@X                cstackCOMRAM 00000A
EYRLCD_GotoXY@Y                cstackCOMRAM 000009
EYRLCD_Write@DATA              cstackCOMRAM 000007
EYRLCD_Write@MODE              cstackCOMRAM 000008
EYRLCD_WriteByte@DATA_CHAR     cstackCOMRAM 00000B
EYRLCD_WriteByte@index         cstackCOMRAM 00000C
EYRLCD_WriteSPI@BitCount       cstackCOMRAM 000002
EYRLCD_WriteSPI@outputDATA     cstackCOMRAM 000001
EYRLCD_WriteString@DATA_STRING cstackCOMRAM 00000E
EYRLCD_WriteString@X           cstackCOMRAM 000010
EYRLCD_WriteString@Y           cstackCOMRAM 000011
_ACC                           bssCOMRAM    000019
_ANSELA                        (abs)        000F38
_ANSELB                        (abs)        000F39
_ANSELC                        (abs)        000F3A
_DISPLAY_COUNT                 bssCOMRAM    00001B
_Delay_ms                      text7        00769A
_EYRLCD_Bitmap                 text6        0077B0
_EYRLCD_Clear                  text13       0076C4
_EYRLCD_GotoXY                 text14       007612
_EYRLCD_Init                   text15       0077F8
_EYRLCD_Write                  text16       0075FA
_EYRLCD_WriteByte              text11       00789A
_EYRLCD_WriteSPI               text17       00764E
_EYRLCD_WriteString            text10       0076F8
_EYR_ImageLogo                 mediumconst  007DC5
_FONT_1                        mediumconst  007BE5
_MCU_DisplayUpdate             text9        007ADC
_MCU_Init                      text8        00762E
_MCU_MensajeInicio             text5        007A32
_OSCCONbits                    (abs)        000FD3
_PORTBbits                     (abs)        000F81
_TRISB                         (abs)        000F93
_TRISB0                        (abs)        007C98
_TRISB1                        (abs)        007C99
_TRISB2                        (abs)        007C9A
_TRISB3                        (abs)        007C9B
_TRISB4                        (abs)        007C9C
__CFG_BOREN$OFF                (abs)        000000
__CFG_BORV$190                 (abs)        000000
__CFG_CCP2MX$PORTC1            (abs)        000000
__CFG_CCP3MX$PORTB5            (abs)        000000
__CFG_CP0$OFF                  (abs)        000000
__CFG_CP1$OFF                  (abs)        000000
__CFG_CP2$OFF                  (abs)        000000
__CFG_CP3$OFF                  (abs)        000000
__CFG_CPB$OFF                  (abs)        000000
__CFG_CPD$OFF                  (abs)        000000
__CFG_EBTR0$OFF                (abs)        000000
__CFG_EBTR1$OFF                (abs)        000000
__CFG_EBTR2$OFF                (abs)        000000
__CFG_EBTR3$OFF                (abs)        000000
__CFG_EBTRB$OFF                (abs)        000000
__CFG_FCMEN$OFF                (abs)        000000
__CFG_FOSC$INTIO67             (abs)        000000
__CFG_HFOFST$OFF               (abs)        000000
__CFG_IESO$OFF                 (abs)        000000
__CFG_LVP$OFF                  (abs)        000000
__CFG_MCLRE$EXTMCLR            (abs)        000000
__CFG_P2BMX$PORTB5             (abs)        000000
__CFG_PBADEN$OFF               (abs)        000000
__CFG_PLLCFG$OFF               (abs)        000000
__CFG_PRICLKEN$ON              (abs)        000000
__CFG_PWRTEN$OFF               (abs)        000000
__CFG_STVREN$ON                (abs)        000000
__CFG_T3CMX$PORTC0             (abs)        000000
__CFG_WDTEN$OFF                (abs)        000000
__CFG_WDTPS$32768              (abs)        000000
__CFG_WRT0$OFF                 (abs)        000000
__CFG_WRT1$OFF                 (abs)        000000
__CFG_WRT2$OFF                 (abs)        000000
__CFG_WRT3$OFF                 (abs)        000000
__CFG_WRTB$OFF                 (abs)        000000
__CFG_WRTC$OFF                 (abs)        000000
__CFG_WRTD$OFF                 (abs)        000000
__CFG_XINST$OFF                (abs)        000000
__HRAM                         (abs)        000000
__Habs1                        abs1         000000
__Hbank0                       bank0        000000
__Hbank1                       bank1        000000
__Hbank2                       bank2        000000
__Hbank3                       bank3        000000
__Hbank4                       bank4        000000
__Hbank5                       bank5        000000
__Hbigbss                      bigbss       000000
__Hbigdata                     bigdata      000000
__Hbigram                      bigram       000000
__Hbss                         bss          000000
__HbssCOMRAM                   bssCOMRAM    000000
__Hcinit                       cinit        000000
__Hclrtext                     clrtext      000000
__Hcomram                      comram       000000
__Hconfig                      config       30000E
__Hconst                       const        000000
__HcstackCOMRAM                cstackCOMRAM 000000
__Hdata                        data         000000
__Heeprom_data                 eeprom_data  000000
__Hfarbss                      farbss       000000
__Hfardata                     fardata      000000
__Hibigdata                    ibigdata     000000
__Hidata                       idata        000000
__Hidloc                       idloc        200008
__Hifardata                    ifardata     000000
__Hinit                        init         000004
__Hintcode                     intcode      000000
__Hintcode_body                intcode_body 000000
__Hintcodelo                   intcodelo    000000
__Hintentry                    intentry     000000
__Hintret                      intret       000000
__Hintsave_regs                intsave_regs 000000
__Hirdata                      irdata       000000
__Hmediumconst                 mediumconst  008000
__HnvFARRAM                    nvFARRAM     000000
__Hnvbit                       nvbit        000000
__Hnvrram                      nvrram       000000
__Hparam                       rparam       000000
__Hpowerup                     powerup      000000
__Hram                         ram          000000
__Hramtop                      ramtop       000600
__Hrbit                        rbit         000000
__Hrbss                        rbss         000000
__Hrdata                       rdata        000000
__Hreset_vec                   reset_vec    000000
__Hrparam                      rparam       000000
__Hsfr                         sfr          000000
__Hsmallconst                  smallconst   000000
__Hspace_0                     (abs)        30000E
__Hspace_1                     (abs)        00001F
__Hspace_2                     (abs)        000000
__Hstack                       stack        000000
__Hstruct                      struct       000000
__Htemp                        temp         000000
__Htext                        text         000000
__Htext0                       text0        000000
__Htext1                       text1        000000
__Htext10                      text10       000000
__Htext11                      text11       000000
__Htext12                      text12       000000
__Htext13                      text13       000000
__Htext14                      text14       000000
__Htext15                      text15       000000
__Htext16                      text16       000000
__Htext17                      text17       000000
__Htext2                       text2        000000
__Htext3                       text3        000000
__Htext4                       text4        000000
__Htext5                       text5        000000
__Htext6                       text6        000000
__Htext7                       text7        000000
__Htext8                       text8        000000
__Htext9                       text9        000000
__LRAM                         (abs)        000001
__Labs1                        abs1         000000
__Lbank0                       bank0        000000
__Lbank1                       bank1        000000
__Lbank2                       bank2        000000
__Lbank3                       bank3        000000
__Lbank4                       bank4        000000
__Lbank5                       bank5        000000
__Lbigbss                      bigbss       000000
__Lbigdata                     bigdata      000000
__Lbigram                      bigram       000000
__Lbss                         bss          000000
__LbssCOMRAM                   bssCOMRAM    000000
__Lcinit                       cinit        000000
__Lclrtext                     clrtext      000000
__Lcomram                      comram       000000
__Lconfig                      config       300000
__Lconst                       const        000000
__LcstackCOMRAM                cstackCOMRAM 000000
__Ldata                        data         000000
__Leeprom_data                 eeprom_data  000000
__Lfarbss                      farbss       000000
__Lfardata                     fardata      000000
__Libigdata                    ibigdata     000000
__Lidata                       idata        000000
__Lidloc                       idloc        200000
__Lifardata                    ifardata     000000
__Linit                        init         000000
__Lintcode                     intcode      000000
__Lintcode_body                intcode_body 000000
__Lintcodelo                   intcodelo    000000
__Lintentry                    intentry     000000
__Lintret                      intret       000000
__Lintsave_regs                intsave_regs 000000
__Lirdata                      irdata       000000
__Lmediumconst                 mediumconst  007BE4
__LnvFARRAM                    nvFARRAM     000000
__Lnvbit                       nvbit        000000
__Lnvrram                      nvrram       000000
__Lparam                       rparam       000000
__Lpowerup                     powerup      000000
__Lram                         ram          000000
__Lramtop                      ramtop       000600
__Lrbit                        rbit         000000
__Lrbss                        rbss         000000
__Lrdata                       rdata        000000
__Lreset_vec                   reset_vec    000000
__Lrparam                      rparam       000000
__Lsfr                         sfr          000000
__Lsmallconst                  smallconst   000000
__Lspace_0                     (abs)        000000
__Lspace_1                     (abs)        000000
__Lspace_2                     (abs)        000000
__Lstack                       stack        000000
__Lstruct                      struct       000000
__Ltemp                        temp         000000
__Ltext                        text         000000
__Ltext0                       text0        000000
__Ltext1                       text1        000000
__Ltext10                      text10       000000
__Ltext11                      text11       000000
__Ltext12                      text12       000000
__Ltext13                      text13       000000
__Ltext14                      text14       000000
__Ltext15                      text15       000000
__Ltext16                      text16       000000
__Ltext17                      text17       000000
__Ltext2                       text2        000000
__Ltext3                       text3        000000
__Ltext4                       text4        000000
__Ltext5                       text5        000000
__Ltext6                       text6        000000
__Ltext7                       text7        000000
__Ltext8                       text8        000000
__Ltext9                       text9        000000
__S0                           (abs)        30000E
__S1                           (abs)        00001F
__S2                           (abs)        000000
___inthi_sp                    stack        000000
___intlo_sp                    stack        000000
___lwdiv                       text4        007848
___lwdiv@counter               cstackCOMRAM 000007
___lwdiv@dividend              cstackCOMRAM 000001
___lwdiv@divisor               cstackCOMRAM 000003
___lwdiv@quotient              cstackCOMRAM 000005
___lwmod                       text3        00772C
___lwmod@counter               cstackCOMRAM 000005
___lwmod@dividend              cstackCOMRAM 000001
___lwmod@divisor               cstackCOMRAM 000003
___param_bank                  (abs)        000000
___rparam_used                 (abs)        000001
___sp                          stack        000000
___wmul                        text12       007674
___wmul@multiplicand           cstackCOMRAM 000003
___wmul@multiplier             cstackCOMRAM 000001
___wmul@product                cstackCOMRAM 000005
__accesstop                    (abs)        000060
__activetblptr                 (abs)        000002
__end_of_Delay_ms              text7        0076C4
__end_of_EYRLCD_Bitmap         text6        0077F8
__end_of_EYRLCD_Clear          text13       0076F8
__end_of_EYRLCD_GotoXY         text14       00762E
__end_of_EYRLCD_Init           text15       007848
__end_of_EYRLCD_Write          text16       007612
__end_of_EYRLCD_WriteByte      text11       007914
__end_of_EYRLCD_WriteSPI       text17       007674
__end_of_EYRLCD_WriteString    text10       00772C
__end_of_EYR_ImageLogo         mediumconst  007FBD
__end_of_FONT_1                mediumconst  007DC5
__end_of_MCU_DisplayUpdate     text9        007BE4
__end_of_MCU_Init              text8        00764E
__end_of_MCU_MensajeInicio     text5        007ADC
__end_of___lwdiv               text4        00789A
__end_of___lwmod               text3        00776E
__end_of___wmul                text12       00769A
__end_of__initialization       cinit        0075F0
__end_of_itoa                  text1        0077B0
__end_of_main                  text0        00798E
__end_of_utoa                  text2        007A32
__initialization               cinit        0075E4
__mediumconst                  mediumconst  007BE4
__pbssCOMRAM                   bssCOMRAM    000019
__pcinit                       cinit        0075E4
__pcstackCOMRAM                cstackCOMRAM 000001
__pmediumconst                 mediumconst  007BE4
__ptext0                       text0        007914
__ptext1                       text1        00776E
__ptext10                      text10       0076F8
__ptext11                      text11       00789A
__ptext12                      text12       007674
__ptext13                      text13       0076C4
__ptext14                      text14       007612
__ptext15                      text15       0077F8
__ptext16                      text16       0075FA
__ptext17                      text17       00764E
__ptext2                       text2        00798E
__ptext3                       text3        00772C
__ptext4                       text4        007848
__ptext5                       text5        007A32
__ptext6                       text6        0077B0
__ptext7                       text7        00769A
__ptext8                       text8        00762E
__ptext9                       text9        007ADC
__ramtop                       ramtop       000600
__size_of_Delay_ms             (abs)        000000
__size_of_EYRLCD_Bitmap        (abs)        000000
__size_of_EYRLCD_Clear         (abs)        000000
__size_of_EYRLCD_GotoXY        (abs)        000000
__size_of_EYRLCD_Init          (abs)        000000
__size_of_EYRLCD_Write         (abs)        000000
__size_of_EYRLCD_WriteByte     (abs)        000000
__size_of_EYRLCD_WriteSPI      (abs)        000000
__size_of_EYRLCD_WriteString   (abs)        000000
__size_of_MCU_DisplayUpdate    (abs)        000000
__size_of_MCU_Init             (abs)        000000
__size_of_MCU_MensajeInicio    (abs)        000000
__size_of___lwdiv              (abs)        000000
__size_of___lwmod              (abs)        000000
__size_of___wmul               (abs)        000000
__size_of_itoa                 (abs)        000000
__size_of_main                 (abs)        000000
__size_of_utoa                 (abs)        000000
__smallconst                   smallconst   000000
_itoa                          text1        00776E
_main                          text0        007914
_utoa                          text2        00798E
end_of_initialization          cinit        0075F0
intlevel0                      text         000000
intlevel1                      text         000000
intlevel2                      text         000000
intlevel3                      text         000000
itoa@base                      cstackCOMRAM 000015
itoa@buf                       cstackCOMRAM 000011
itoa@cp                        cstackCOMRAM 000017
itoa@val                       cstackCOMRAM 000013
stackhi                        (abs)        0005FF
stacklo                        (abs)        000060
start                          init         000000
start_initialization           cinit        0075E4
utoa@base                      cstackCOMRAM 00000C
utoa@buf                       cstackCOMRAM 000008
utoa@c                         cstackCOMRAM 000010
utoa@v                         cstackCOMRAM 00000E
utoa@val                       cstackCOMRAM 00000A


FUNCTION INFORMATION:

 *************** function _main *****************
 Defined at:
		line 36 in file "main.c"
 Parameters:    Size  Location     Type
		None
 Auto vars:     Size  Location     Type
		None
 Return value:  Size  Location     Type
                  1    wreg      void 
 Registers used:
		wreg, fsr2l, fsr2h, status,2, status,0, tblptrl, tblptrh, tblptru, prodl, prodh, cstack
 Tracked objects:
		On entry : 
		On exit  : 
		Unchanged: 
 Data sizes:     COMRAM   BANK0   BANK1   BANK2   BANK3   BANK4   BANK5
      Params:         0       0       0       0       0       0       0
      Locals:         0       0       0       0       0       0       0
      Temps:          0       0       0       0       0       0       0
      Totals:         0       0       0       0       0       0       0
Total ram usage:        0 bytes
 Hardware stack levels required when called:    5
 This function calls:
		_Delay_ms
		_EYRLCD_Clear
		_EYRLCD_Init
		_MCU_DisplayUpdate
		_MCU_Init
		_MCU_MensajeInicio
		_itoa
 This function is called by:
		Startup code after reset
 This function uses a non-reentrant model


 *************** function _itoa *****************
 Defined at:
		line 4 in file "C:\Program Files (x86)\Microchip\xc8\v1.42\sources\common\itoa.c"
 Parameters:    Size  Location     Type
  buf             2   16[COMRAM] PTR unsigned char 
		 -> DISPLAY_COUNT(4), 
  val             2   18[COMRAM] int 
  base            2   20[COMRAM] int 
 Auto vars:     Size  Location     Type
  cp              2   22[COMRAM] PTR unsigned char 
		 -> DISPLAY_COUNT(4), 
 Return value:  Size  Location     Type
                  2   16[COMRAM] PTR unsigned char 
 Registers used:
		wreg, fsr2l, fsr2h, status,2, status,0, cstack
 Tracked objects:
		On entry : 
		On exit  : 
		Unchanged: 
 Data sizes:     COMRAM   BANK0   BANK1   BANK2   BANK3   BANK4   BANK5
      Params:         6       0       0       0       0       0       0
      Locals:         2       0       0       0       0       0       0
      Temps:          0       0       0       0       0       0       0
      Totals:         8       0       0       0       0       0       0
Total ram usage:        8 bytes
 Hardware stack levels used:    1
 Hardware stack levels required when called:    2
 This function calls:
		_utoa
 This function is called by:
		_main
 This function uses a non-reentrant model


 *************** function _utoa *****************
 Defined at:
		line 17 in file "C:\Program Files (x86)\Microchip\xc8\v1.42\sources\common\itoa.c"
 Parameters:    Size  Location     Type
  buf             2    7[COMRAM] PTR unsigned char 
		 -> DISPLAY_COUNT(4), 
  val             2    9[COMRAM] unsigned int 
  base            2   11[COMRAM] int 
 Auto vars:     Size  Location     Type
  v               2   13[COMRAM] unsigned int 
  c               1   15[COMRAM] unsigned char 
 Return value:  Size  Location     Type
                  2    7[COMRAM] PTR unsigned char 
 Registers used:
		wreg, fsr2l, fsr2h, status,2, status,0, cstack
 Tracked objects:
		On entry : 
		On exit  : 
		Unchanged: 
 Data sizes:     COMRAM   BANK0   BANK1   BANK2   BANK3   BANK4   BANK5
      Params:         6       0       0       0       0       0       0
      Locals:         3       0       0       0       0       0       0
      Temps:          0       0       0       0       0       0       0
      Totals:         9       0       0       0       0       0       0
Total ram usage:        9 bytes
 Hardware stack levels used:    1
 Hardware stack levels required when called:    1
 This function calls:
		___lwdiv
		___lwmod
 This function is called by:
		_itoa
 This function uses a non-reentrant model


 *************** function ___lwmod *****************
 Defined at:
		line 8 in file "C:\Program Files (x86)\Microchip\xc8\v1.42\sources\common\lwmod.c"
 Parameters:    Size  Location     Type
  dividend        2    0[COMRAM] unsigned int 
  divisor         2    2[COMRAM] unsigned int 
 Auto vars:     Size  Location     Type
  counter         1    4[COMRAM] unsigned char 
 Return value:  Size  Location     Type
                  2    0[COMRAM] unsigned int 
 Registers used:
		wreg, status,2, status,0
 Tracked objects:
		On entry : 
		On exit  : 
		Unchanged: 
 Data sizes:     COMRAM   BANK0   BANK1   BANK2   BANK3   BANK4   BANK5
      Params:         4       0       0       0       0       0       0
      Locals:         1       0       0       0       0       0       0
      Temps:          0       0       0       0       0       0       0
      Totals:         5       0       0       0       0       0       0
Total ram usage:        5 bytes
 Hardware stack levels used:    1
 This function calls:
		Nothing
 This function is called by:
		_utoa
 This function uses a non-reentrant model


 *************** function ___lwdiv *****************
 Defined at:
		line 8 in file "C:\Program Files (x86)\Microchip\xc8\v1.42\sources\common\lwdiv.c"
 Parameters:    Size  Location     Type
  dividend        2    0[COMRAM] unsigned int 
  divisor         2    2[COMRAM] unsigned int 
 Auto vars:     Size  Location     Type
  quotient        2    4[COMRAM] unsigned int 
  counter         1    6[COMRAM] unsigned char 
 Return value:  Size  Location     Type
                  2    0[COMRAM] unsigned int 
 Registers used:
		wreg, status,2, status,0
 Tracked objects:
		On entry : 
		On exit  : 
		Unchanged: 
 Data sizes:     COMRAM   BANK0   BANK1   BANK2   BANK3   BANK4   BANK5
      Params:         4       0       0       0       0       0       0
      Locals:         3       0       0       0       0       0       0
      Temps:          0       0       0       0       0       0       0
      Totals:         7       0       0       0       0       0       0
Total ram usage:        7 bytes
 Hardware stack levels used:    1
 This function calls:
		Nothing
 This function is called by:
		_utoa
 This function uses a non-reentrant model


 *************** function _MCU_MensajeInicio *****************
 Defined at:
		line 73 in file "main.c"
 Parameters:    Size  Location     Type
		None
 Auto vars:     Size  Location     Type
		None
 Return value:  Size  Location     Type
                  1    wreg      void 
 Registers used:
		wreg, status,2, status,0, tblptrl, tblptrh, tblptru, prodl, prodh, cstack
 Tracked objects:
		On entry : 
		On exit  : 
		Unchanged: 
 Data sizes:     COMRAM   BANK0   BANK1   BANK2   BANK3   BANK4   BANK5
      Params:         0       0       0       0       0       0       0
      Locals:         0       0       0       0       0       0       0
      Temps:          0       0       0       0       0       0       0
      Totals:         0       0       0       0       0       0       0
Total ram usage:        0 bytes
 Hardware stack levels used:    1
 Hardware stack levels required when called:    4
 This function calls:
		_Delay_ms
		_EYRLCD_Bitmap
		_EYRLCD_Clear
		_EYRLCD_WriteString
 This function is called by:
		_main
 This function uses a non-reentrant model


 *************** function _EYRLCD_Bitmap *****************
 Defined at:
		line 121 in file "PCD8544.c"
 Parameters:    Size  Location     Type
  MY_ARRAY        2   10[COMRAM] PTR unsigned char 
		 -> EYR_ImageLogo(504), 
  X               1   12[COMRAM] unsigned char 
  Y               1   13[COMRAM] unsigned char 
 Auto vars:     Size  Location     Type
  index           2   16[COMRAM] int 
 Return value:  Size  Location     Type
                  1    wreg      void 
 Registers used:
		wreg, status,2, status,0, tblptrl, tblptrh, tblptru, cstack
 Tracked objects:
		On entry : 
		On exit  : 
		Unchanged: 
 Data sizes:     COMRAM   BANK0   BANK1   BANK2   BANK3   BANK4   BANK5
      Params:         4       0       0       0       0       0       0
      Locals:         2       0       0       0       0       0       0
      Temps:          2       0       0       0       0       0       0
      Totals:         8       0       0       0       0       0       0
Total ram usage:        8 bytes
 Hardware stack levels used:    1
 Hardware stack levels required when called:    3
 This function calls:
		_EYRLCD_GotoXY
		_EYRLCD_Write
 This function is called by:
		_MCU_MensajeInicio
 This function uses a non-reentrant model


 *************** function _Delay_ms *****************
 Defined at:
		line 66 in file "main.c"
 Parameters:    Size  Location     Type
  t               2    0[COMRAM] unsigned int 
 Auto vars:     Size  Location     Type
  j               2    3[COMRAM] unsigned int 
 Return value:  Size  Location     Type
                  1    wreg      void 
 Registers used:
		wreg, status,2, status,0
 Tracked objects:
		On entry : 
		On exit  : 
		Unchanged: 
 Data sizes:     COMRAM   BANK0   BANK1   BANK2   BANK3   BANK4   BANK5
      Params:         2       0       0       0       0       0       0
      Locals:         2       0       0       0       0       0       0
      Temps:          1       0       0       0       0       0       0
      Totals:         5       0       0       0       0       0       0
Total ram usage:        5 bytes
 Hardware stack levels used:    1
 This function calls:
		Nothing
 This function is called by:
		_main
		_MCU_MensajeInicio
 This function uses a non-reentrant model


 *************** function _MCU_Init *****************
 Defined at:
		line 58 in file "main.c"
 Parameters:    Size  Location     Type
		None
 Auto vars:     Size  Location     Type
		None
 Return value:  Size  Location     Type
                  1    wreg      void 
 Registers used:
		wreg, status,2
 Tracked objects:
		On entry : 
		On exit  : 
		Unchanged: 
 Data sizes:     COMRAM   BANK0   BANK1   BANK2   BANK3   BANK4   BANK5
      Params:         0       0       0       0       0       0       0
      Locals:         0       0       0       0       0       0       0
      Temps:          0       0       0       0       0       0       0
      Totals:         0       0       0       0       0       0       0
Total ram usage:        0 bytes
 Hardware stack levels used:    1
 This function calls:
		Nothing
 This function is called by:
		_main
 This function uses a non-reentrant model


 *************** function _MCU_DisplayUpdate *****************
 Defined at:
		line 91 in file "main.c"
 Parameters:    Size  Location     Type
		None
 Auto vars:     Size  Location     Type
		None
 Return value:  Size  Location     Type
                  1    wreg      void 
 Registers used:
		wreg, status,2, status,0, tblptrl, tblptrh, tblptru, prodl, prodh, cstack
 Tracked objects:
		On entry : 
		On exit  : 
		Unchanged: 
 Data sizes:     COMRAM   BANK0   BANK1   BANK2   BANK3   BANK4   BANK5
      Params:         0       0       0       0       0       0       0
      Locals:         0       0       0       0       0       0       0
      Temps:          0       0       0       0       0       0       0
      Totals:         0       0       0       0       0       0       0
Total ram usage:        0 bytes
 Hardware stack levels used:    1
 Hardware stack levels required when called:    4
 This function calls:
		_EYRLCD_Clear
		_EYRLCD_GotoXY
		_EYRLCD_WriteByte
		_EYRLCD_WriteString
 This function is called by:
		_main
 This function uses a non-reentrant model


 *************** function _EYRLCD_WriteString *****************
 Defined at:
		line 107 in file "PCD8544.c"
 Parameters:    Size  Location     Type
  DATA_STRING     2   13[COMRAM] PTR unsigned char 
		 -> STR_6(8), STR_5(13), STR_4(12), STR_3(9), 
		 -> STR_2(11), STR_1(13), 
  X               1   15[COMRAM] unsigned char 
  Y               1   16[COMRAM] unsigned char 
 Auto vars:     Size  Location     Type
		None
 Return value:  Size  Location     Type
                  1    wreg      void 
 Registers used:
		wreg, status,2, status,0, tblptrl, tblptrh, tblptru, prodl, prodh, cstack
 Tracked objects:
		On entry : 
		On exit  : 
		Unchanged: 
 Data sizes:     COMRAM   BANK0   BANK1   BANK2   BANK3   BANK4   BANK5
      Params:         4       0       0       0       0       0       0
      Locals:         0       0       0       0       0       0       0
      Temps:          0       0       0       0       0       0       0
      Totals:         4       0       0       0       0       0       0
Total ram usage:        4 bytes
 Hardware stack levels used:    1
 Hardware stack levels required when called:    3
 This function calls:
		_EYRLCD_GotoXY
		_EYRLCD_WriteByte
 This function is called by:
		_MCU_MensajeInicio
		_MCU_DisplayUpdate
 This function uses a non-reentrant model


 *************** function _EYRLCD_WriteByte *****************
 Defined at:
		line 91 in file "PCD8544.c"
 Parameters:    Size  Location     Type
  DATA_CHAR       1    wreg     unsigned char 
 Auto vars:     Size  Location     Type
  DATA_CHAR       1   10[COMRAM] unsigned char 
  index           2   11[COMRAM] int 
 Return value:  Size  Location     Type
                  1    wreg      void 
 Registers used:
		wreg, status,2, status,0, tblptrl, tblptrh, tblptru, prodl, prodh, cstack
 Tracked objects:
		On entry : 
		On exit  : 
		Unchanged: 
 Data sizes:     COMRAM   BANK0   BANK1   BANK2   BANK3   BANK4   BANK5
      Params:         0       0       0       0       0       0       0
      Locals:         3       0       0       0       0       0       0
      Temps:          2       0       0       0       0       0       0
      Totals:         5       0       0       0       0       0       0
Total ram usage:        5 bytes
 Hardware stack levels used:    1
 Hardware stack levels required when called:    2
 This function calls:
		_EYRLCD_Write
		___wmul
 This function is called by:
		_EYRLCD_WriteString
		_MCU_DisplayUpdate
 This function uses a non-reentrant model


 *************** function ___wmul *****************
 Defined at:
		line 15 in file "C:\Program Files (x86)\Microchip\xc8\v1.42\sources\common\Umul16.c"
 Parameters:    Size  Location     Type
  multiplier      2    0[COMRAM] unsigned int 
  multiplicand    2    2[COMRAM] unsigned int 
 Auto vars:     Size  Location     Type
  product         2    4[COMRAM] unsigned int 
 Return value:  Size  Location     Type
                  2    0[COMRAM] unsigned int 
 Registers used:
		wreg, status,2, status,0, prodl, prodh
 Tracked objects:
		On entry : 
		On exit  : 
		Unchanged: 
 Data sizes:     COMRAM   BANK0   BANK1   BANK2   BANK3   BANK4   BANK5
      Params:         4       0       0       0       0       0       0
      Locals:         2       0       0       0       0       0       0
      Temps:          0       0       0       0       0       0       0
      Totals:         6       0       0       0       0       0       0
Total ram usage:        6 bytes
 Hardware stack levels used:    1
 This function calls:
		Nothing
 This function is called by:
		_EYRLCD_WriteByte
 This function uses a non-reentrant model


 *************** function _EYRLCD_Clear *****************
 Defined at:
		line 61 in file "PCD8544.c"
 Parameters:    Size  Location     Type
		None
 Auto vars:     Size  Location     Type
  index           2   10[COMRAM] int 
 Return value:  Size  Location     Type
                  1    wreg      void 
 Registers used:
		wreg, status,2, status,0, cstack
 Tracked objects:
		On entry : 
		On exit  : 
		Unchanged: 
 Data sizes:     COMRAM   BANK0   BANK1   BANK2   BANK3   BANK4   BANK5
      Params:         0       0       0       0       0       0       0
      Locals:         2       0       0       0       0       0       0
      Temps:          0       0       0       0       0       0       0
      Totals:         2       0       0       0       0       0       0
Total ram usage:        2 bytes
 Hardware stack levels used:    1
 Hardware stack levels required when called:    3
 This function calls:
		_EYRLCD_GotoXY
		_EYRLCD_Write
 This function is called by:
		_main
		_MCU_MensajeInicio
		_MCU_DisplayUpdate
 This function uses a non-reentrant model


 *************** function _EYRLCD_GotoXY *****************
 Defined at:
		line 75 in file "PCD8544.c"
 Parameters:    Size  Location     Type
  X               1    wreg     unsigned char 
  Y               1    8[COMRAM] unsigned char 
 Auto vars:     Size  Location     Type
  X               1    9[COMRAM] unsigned char 
 Return value:  Size  Location     Type
                  1    wreg      void 
 Registers used:
		wreg, status,2, status,0, cstack
 Tracked objects:
		On entry : 
		On exit  : 
		Unchanged: 
 Data sizes:     COMRAM   BANK0   BANK1   BANK2   BANK3   BANK4   BANK5
      Params:         1       0       0       0       0       0       0
      Locals:         1       0       0       0       0       0       0
      Temps:          0       0       0       0       0       0       0
      Totals:         2       0       0       0       0       0       0
Total ram usage:        2 bytes
 Hardware stack levels used:    1
 Hardware stack levels required when called:    2
 This function calls:
		_EYRLCD_Write
 This function is called by:
		_EYRLCD_Clear
		_EYRLCD_WriteString
		_EYRLCD_Bitmap
		_MCU_DisplayUpdate
 This function uses a non-reentrant model


 *************** function _EYRLCD_Init *****************
 Defined at:
		line 33 in file "PCD8544.c"
 Parameters:    Size  Location     Type
		None
 Auto vars:     Size  Location     Type
		None
 Return value:  Size  Location     Type
                  1    wreg      void 
 Registers used:
		wreg, status,2, status,0, cstack
 Tracked objects:
		On entry : 
		On exit  : 
		Unchanged: 
 Data sizes:     COMRAM   BANK0   BANK1   BANK2   BANK3   BANK4   BANK5
      Params:         0       0       0       0       0       0       0
      Locals:         0       0       0       0       0       0       0
      Temps:          0       0       0       0       0       0       0
      Totals:         0       0       0       0       0       0       0
Total ram usage:        0 bytes
 Hardware stack levels used:    1
 Hardware stack levels required when called:    2
 This function calls:
		_EYRLCD_Write
 This function is called by:
		_main
 This function uses a non-reentrant model


 *************** function _EYRLCD_Write *****************
 Defined at:
		line 138 in file "PCD8544.c"
 Parameters:    Size  Location     Type
  MODE            1    wreg     unsigned char 
  DATA            1    6[COMRAM] unsigned char 
 Auto vars:     Size  Location     Type
  MODE            1    7[COMRAM] unsigned char 
 Return value:  Size  Location     Type
                  1    wreg      void 
 Registers used:
		wreg, status,2, status,0, cstack
 Tracked objects:
		On entry : 
		On exit  : 
		Unchanged: 
 Data sizes:     COMRAM   BANK0   BANK1   BANK2   BANK3   BANK4   BANK5
      Params:         1       0       0       0       0       0       0
      Locals:         1       0       0       0       0       0       0
      Temps:          0       0       0       0       0       0       0
      Totals:         2       0       0       0       0       0       0
Total ram usage:        2 bytes
 Hardware stack levels used:    1
 Hardware stack levels required when called:    1
 This function calls:
		_EYRLCD_WriteSPI
 This function is called by:
		_EYRLCD_Init
		_EYRLCD_Clear
		_EYRLCD_GotoXY
		_EYRLCD_WriteByte
		_EYRLCD_Bitmap
 This function uses a non-reentrant model


 *************** function _EYRLCD_WriteSPI *****************
 Defined at:
		line 155 in file "PCD8544.c"
 Parameters:    Size  Location     Type
  outputDATA      1    wreg     unsigned char 
 Auto vars:     Size  Location     Type
  outputDATA      1    0[COMRAM] unsigned char 
  BitCount        1    1[COMRAM] unsigned char 
 Return value:  Size  Location     Type
                  1    wreg      void 
 Registers used:
		wreg, status,2, status,0
 Tracked objects:
		On entry : 
		On exit  : 
		Unchanged: 
 Data sizes:     COMRAM   BANK0   BANK1   BANK2   BANK3   BANK4   BANK5
      Params:         0       0       0       0       0       0       0
      Locals:         2       0       0       0       0       0       0
      Temps:          0       0       0       0       0       0       0
      Totals:         2       0       0       0       0       0       0
Total ram usage:        2 bytes
 Hardware stack levels used:    1
 This function calls:
		Nothing
 This function is called by:
		_EYRLCD_Write
 This function uses a non-reentrant model



MODULE INFORMATION

Module		Function		Class		Link	Load	Size
C:\Program Files (x86)\Microchip\xc8\v1.42\sources\common\lwdiv.c
		___lwdiv       		CODE           	7848	0000	83

C:\Program Files (x86)\Microchip\xc8\v1.42\sources\common\lwdiv.c estimated size: 83

PCD8544.c
		_EYRLCD_Init   		CODE           	77F8	0000	81
		_EYRLCD_Write  		CODE           	75FA	0000	25
		_EYRLCD_Clear  		CODE           	76C4	0000	53
		_EYRLCD_GotoXY 		CODE           	7612	0000	29
		_EYRLCD_WriteByte		CODE           	789A	0000	123
		_EYRLCD_Bitmap 		CODE           	77B0	0000	73
		_EYRLCD_WriteSPI		CODE           	764E	0000	39
		_EYRLCD_WriteString		CODE           	76F8	0000	53

PCD8544.c estimated size: 476

shared
		_FONT_1        		MEDIUMCONST    	7BE5	0000	481
		_EYR_ImageLogo 		MEDIUMCONST    	7DC5	0000	505
		__initialization		CODE           	75E4	0000	13

shared estimated size: 999

C:\Program Files (x86)\Microchip\xc8\v1.42\sources\common\lwmod.c
		___lwmod       		CODE           	772C	0000	67

C:\Program Files (x86)\Microchip\xc8\v1.42\sources\common\lwmod.c estimated size: 67

C:\Program Files (x86)\Microchip\xc8\v1.42\sources\common\Umul16.c
		___wmul        		CODE           	7674	0000	39

C:\Program Files (x86)\Microchip\xc8\v1.42\sources\common\Umul16.c estimated size: 39

main.c
		_MCU_MensajeInicio		CODE           	7A32	0000	171
		_main          		CODE           	7914	0000	123
		_MCU_DisplayUpdate		CODE           	7ADC	0000	265
		_Delay_ms      		CODE           	769A	0000	43
		_MCU_Init      		CODE           	762E	0000	33

main.c estimated size: 635

C:\Program Files (x86)\Microchip\xc8\v1.42\sources\common\itoa.c
		_itoa          		CODE           	776E	0000	67
		_utoa          		CODE           	798E	0000	165

C:\Program Files (x86)\Microchip\xc8\v1.42\sources\common\itoa.c estimated size: 232

