Microchip MPLAB XC8 Compiler V1.42 ()

Linker command line:

-W-3 --edf=C:\Program Files (x86)\Microchip\xc8\v1.42\dat\en_msgs.txt -cs \
  -h+dist/default/production\XC8_18F25K22_LCD16x2.X.production.sym \
  --cmf=dist/default/production\XC8_18F25K22_LCD16x2.X.production.cmf -z \
  -Q18F25K22 -oC:\Users\MRCHU_~1\AppData\Local\Temp\sbao.2 \
  -Mdist/default/production/XC8_18F25K22_LCD16x2.X.production.map -E1 \
  -ver=XC8 -ASTACK=081h-05ffh -pstack=STACK -ACODE=00h-07FFFh \
  -ACONST=00h-07FFFh -ASMALLCONST=0600h-06FFhx122 \
  -AMEDIUMCONST=0600h-07FFFh -ACOMRAM=01h-05Fh -AABS1=00h-05FFh \
  -ABIGRAM=01h-05FFh -ARAM=060h-0FFh,0100h-01FFhx5 -ABANK0=060h-0FFh \
  -ABANK1=0100h-01FFh -ABANK2=0200h-02FFh -ABANK3=0300h-03FFh \
  -ABANK4=0400h-04FFh -ABANK5=0500h-05FFh -ASFR=0F38h-0F5Fh,0F60h-0FFFh \
  -preset_vec=00h,intcode=08h,intcodelo,powerup,init -pramtop=0600h \
  -psmallconst=SMALLCONST -pmediumconst=MEDIUMCONST -pconst=CONST \
  -AFARRAM=00h-00h -ACONFIG=0300000h-030000Dh -pconfig=CONFIG \
  -AIDLOC=0200000h-0200007h -pidloc=IDLOC -AEEDATA=0F00000h-0F000FFh \
  -peeprom_data=EEDATA \
  -prdata=COMRAM,nvrram=COMRAM,nvbit=COMRAM,rbss=COMRAM,rbit=COMRAM \
  -pfarbss=FARRAM,fardata=FARRAM,nvFARRAM=FARRAM \
  -pintsave_regs=BIGRAM,bigbss=BIGRAM,bigdata=BIGRAM -pbss=RAM \
  -pidata=CODE,irdata=CODE,ibigdata=CODE,ifardata=CODE -prparam=COMRAM \
  C:\Users\MRCHU_~1\AppData\Local\Temp\sbao.obj \
  dist/default/production\XC8_18F25K22_LCD16x2.X.production.obj 

Object code version is 3.11

Machine type is 18F25K22

Call graph: (short form)




                Name                               Link     Load   Length Selector   Space Scale
C:\Users\MRCHU_~1\AppData\Local\Temp\sbao.obj
                init                                 A6       A6        4        4       0
                reset_vec                             0        0        4        0       0
                idloc                            200000   200000        8   200000       0
                config                           300000   300000        E   300000       0
dist/default/production\XC8_18F25K22_LCD16x2.X.production.obj
                intcode                               8        8       9E        4       0
                temp                                 43       43        1        1       1
                smallconst                          600      600       14      300       0
                text8                               614      614      154      30A       0
                text7                               A64      A64       94      30A       0
                text6                               990      990       D4      30A       0
                text5                               8A4      8A4       EC      30A       0
                text4                               B56      B56       4A      30A       0
                text3                               BA0      BA0       2C      30A       0
                text2                               BCC      BCC       24      30A       0
                text1                               C12      C12       20      609       0
                text0                               768      768      13C      30A       0
                cstackCOMRAM                          1        1       25        1       1
                dataBANK0                            60       60       21       60       1
                dataCOMRAM                           26       26       16        1       1
                bssCOMRAM                            3C       3C        7        1       1
                cinit                               AF8      AF8       5E      30A       0
                idataBANK0                          BF0      BF0       21      30A       0
                idataCOMRAM                         C32      C32       16      609       0

TOTAL           Name                               Link     Load   Length     Space
        CLASS   STACK          

        CLASS   CODE           
                intcode                               8        8       9E         0
                init                                 A6       A6        4         0
                reset_vec                             0        0        4         0
                text8                               614      614      154         0
                text7                               A64      A64       94         0
                text6                               990      990       D4         0
                text5                               8A4      8A4       EC         0
                text4                               B56      B56       4A         0
                text3                               BA0      BA0       2C         0
                text2                               BCC      BCC       24         0
                text1                               C12      C12       20         0
                text0                               768      768      13C         0
                cinit                               AF8      AF8       5E         0
                idataBANK0                          BF0      BF0       21         0
                idataCOMRAM                         C32      C32       16         0

        CLASS   CONST          

        CLASS   SMALLCONST     
                smallconst                          600      600       14         0

        CLASS   MEDIUMCONST    

        CLASS   COMRAM         
                temp                                 43       43        1         1
                cstackCOMRAM                          1        1       25         1
                dataCOMRAM                           26       26       16         1
                bssCOMRAM                            3C       3C        7         1

        CLASS   ABS1           

        CLASS   BIGRAM         

        CLASS   RAM            

        CLASS   BANK0          
                dataBANK0                            60       60       21         1

        CLASS   BANK1          

        CLASS   BANK2          

        CLASS   BANK3          

        CLASS   BANK4          

        CLASS   BANK5          

        CLASS   SFR            

        CLASS   FARRAM         

        CLASS   CONFIG         
                config                           300000   300000        E         0

        CLASS   IDLOC          
                idloc                            200000   200000        8         0

        CLASS   EEDATA         



SEGMENTS        Name                           Load    Length   Top    Selector   Space  Class

                reset_vec                      000000  000004  000004         0       0  CODE    
                cstackCOMRAM                   000001  000043  000044         1       1  COMRAM  
                intcode                        000008  0000A2  0000AA         4       0  CODE    
                dataBANK0                      000060  000021  000081        60       1  BANK0   
                smallconst                     000600  000014  000614       300       0  SMALLCON
                text8                          000614  0005FD  000C11       30A       0  CODE    
                text1                          000C12  000036  000C48       609       0  CODE    
                idloc                          200000  000008  200008    200000       0  IDLOC   
                config                         300000  00000E  30000E    300000       0  CONFIG  


UNUSED ADDRESS RANGES

        Name                Unused          Largest block    Delta
        BANK0            000081-0000FF               7F
        BANK1            000100-0001FF              100
        BANK2            000200-0002FF              100
        BANK3            000300-0003FF              100
        BANK4            000400-0004FF              100
        BANK5            000500-0005FF              100
        BIGRAM           000044-00005F               1C
                         000081-0005FF              57F
        CODE             000004-000007                4
                         0000AA-0005FF              556
                         000C11-000C11                1
                         000C48-007FFF             73B8
        COMRAM           000044-00005F               1C
        CONST            000004-000007                4
                         0000AA-0005FF              556
                         000C11-000C11                1
                         000C48-007FFF             73B8
        EEDATA           F00000-F000FF              100
        MEDIUMCONST      000C11-000C11                1
                         000C48-007FFF             73B8
        RAM              000081-0005FF              100
        SFR              000F38-000FFF               28
        SMALLCONST       000C11-000C11                1
                         000C48-007FFF              100
        STACK            000081-0005FF              57F

                                  Symbol Table

LCD_Init@cmd             cstackCOMRAM 00001D
LCD_Init@display         cstackCOMRAM 000017
LCD_Out@c                cstackCOMRAM 000012
LCD_Write@c              cstackCOMRAM 000016
LCD_putc@c               cstackCOMRAM 000016
LCD_putrs@a              cstackCOMRAM 000017
LCD_putrs@i              cstackCOMRAM 00001B
MCU_Delayms@acc          cstackCOMRAM 000012
MCU_Delayms@time         cstackCOMRAM 00000F
_ANSELA                  (abs)        000F38
_ANSELB                  (abs)        000F39
_ANSELC                  (abs)        000F3A
_INTCON2bits             (abs)        000FF1
_INTCONbits              (abs)        000FF2
_ISR                     intcode      000008
_LCD_Init                text6        000990
_LCD_Out                 text8        000614
_LCD_Write               text7        000A64
_LCD_putc                text5        0008A4
_LCD_putrs               text4        000B56
_MCU_Delayms             text3        000BA0
_MCU_Init                text1        000C12
_OSCCONbits              (abs)        000FD3
_PORTA                   (abs)        000F80
_PORTB                   (abs)        000F81
_PORTC                   (abs)        000F82
_PORTCbits               (abs)        000F82
_RCONbits                (abs)        000FD0
_RTCC_Count              bssCOMRAM    000041
_RTCC_Init               text2        000BCC
_T0CONbits               (abs)        000FD5
_TMR0H                   (abs)        000FD7
_TMR0L                   (abs)        000FD6
_TRISA                   (abs)        000F92
_TRISB                   (abs)        000F93
_TRISC                   (abs)        000F94
_TRISCbits               (abs)        000F94
__CFG_BOREN$OFF          (abs)        000000
__CFG_BORV$190           (abs)        000000
__CFG_CCP2MX$PORTC1      (abs)        000000
__CFG_CCP3MX$PORTB5      (abs)        000000
__CFG_CP0$OFF            (abs)        000000
__CFG_CP1$OFF            (abs)        000000
__CFG_CP2$OFF            (abs)        000000
__CFG_CP3$OFF            (abs)        000000
__CFG_CPB$OFF            (abs)        000000
__CFG_CPD$OFF            (abs)        000000
__CFG_EBTR0$OFF          (abs)        000000
__CFG_EBTR1$OFF          (abs)        000000
__CFG_EBTR2$OFF          (abs)        000000
__CFG_EBTR3$OFF          (abs)        000000
__CFG_EBTRB$OFF          (abs)        000000
__CFG_FCMEN$OFF          (abs)        000000
__CFG_FOSC$INTIO67       (abs)        000000
__CFG_HFOFST$OFF         (abs)        000000
__CFG_IESO$OFF           (abs)        000000
__CFG_LVP$OFF            (abs)        000000
__CFG_MCLRE$EXTMCLR      (abs)        000000
__CFG_P2BMX$PORTB5       (abs)        000000
__CFG_PBADEN$OFF         (abs)        000000
__CFG_PLLCFG$OFF         (abs)        000000
__CFG_PRICLKEN$ON        (abs)        000000
__CFG_PWRTEN$OFF         (abs)        000000
__CFG_STVREN$ON          (abs)        000000
__CFG_T3CMX$PORTC0       (abs)        000000
__CFG_WDTEN$OFF          (abs)        000000
__CFG_WDTPS$32768        (abs)        000000
__CFG_WRT0$OFF           (abs)        000000
__CFG_WRT1$OFF           (abs)        000000
__CFG_WRT2$OFF           (abs)        000000
__CFG_WRT3$OFF           (abs)        000000
__CFG_WRTB$OFF           (abs)        000000
__CFG_WRTC$OFF           (abs)        000000
__CFG_WRTD$OFF           (abs)        000000
__CFG_XINST$OFF          (abs)        000000
__HRAM                   (abs)        000000
__Habs1                  abs1         000000
__Hbank0                 bank0        000000
__Hbank1                 bank1        000000
__Hbank2                 bank2        000000
__Hbank3                 bank3        000000
__Hbank4                 bank4        000000
__Hbank5                 bank5        000000
__Hbigbss                bigbss       000000
__Hbigdata               bigdata      000000
__Hbigram                bigram       000000
__Hbss                   bss          000000
__HbssCOMRAM             bssCOMRAM    000000
__Hcinit                 cinit        000000
__Hclrtext               clrtext      000000
__Hcomram                comram       000000
__Hconfig                config       30000E
__Hconst                 const        000000
__HcstackCOMRAM          cstackCOMRAM 000000
__Hdata                  data         000000
__HdataBANK0             dataBANK0    000000
__HdataCOMRAM            dataCOMRAM   000000
__Heeprom_data           eeprom_data  000000
__Hfarbss                farbss       000000
__Hfardata               fardata      000000
__Hibigdata              ibigdata     000000
__Hidata                 idata        000000
__HidataBANK0            idataBANK0   000000
__HidataCOMRAM           idataCOMRAM  000000
__Hidloc                 idloc        200008
__Hifardata              ifardata     000000
__Hinit                  init         0000AA
__Hintcode               intcode      0000A6
__Hintcode_body          intcode_body 000000
__Hintcodelo             intcodelo    0000A6
__Hintentry              intentry     000000
__Hintret                intret       000000
__Hintsave_regs          intsave_regs 000000
__Hirdata                irdata       000000
__Hmediumconst           mediumconst  000000
__HnvFARRAM              nvFARRAM     000000
__Hnvbit                 nvbit        000000
__Hnvrram                nvrram       000000
__Hparam                 rparam       000000
__Hpowerup               powerup      0000A6
__Hram                   ram          000000
__Hramtop                ramtop       000600
__Hrbit                  rbit         000000
__Hrbss                  rbss         000000
__Hrdata                 rdata        000000
__Hreset_vec             reset_vec    000004
__Hrparam                rparam       000000
__Hsfr                   sfr          000000
__Hsmallconst            smallconst   000614
__Hspace_0               (abs)        30000E
__Hspace_1               (abs)        000081
__Hspace_2               (abs)        000000
__Hstack                 stack        000000
__Hstruct                struct       000000
__Htemp                  temp         000044
__Htext                  text         000000
__Htext0                 text0        000000
__Htext1                 text1        000000
__Htext2                 text2        000000
__Htext3                 text3        000000
__Htext4                 text4        000000
__Htext5                 text5        000000
__Htext6                 text6        000000
__Htext7                 text7        000000
__Htext8                 text8        000000
__LRAM                   (abs)        000001
__Labs1                  abs1         000000
__Lbank0                 bank0        000000
__Lbank1                 bank1        000000
__Lbank2                 bank2        000000
__Lbank3                 bank3        000000
__Lbank4                 bank4        000000
__Lbank5                 bank5        000000
__Lbigbss                bigbss       000000
__Lbigdata               bigdata      000000
__Lbigram                bigram       000000
__Lbss                   bss          000000
__LbssCOMRAM             bssCOMRAM    000000
__Lcinit                 cinit        000000
__Lclrtext               clrtext      000000
__Lcomram                comram       000000
__Lconfig                config       300000
__Lconst                 const        000000
__LcstackCOMRAM          cstackCOMRAM 000000
__Ldata                  data         000000
__LdataBANK0             dataBANK0    000000
__LdataCOMRAM            dataCOMRAM   000000
__Leeprom_data           eeprom_data  000000
__Lfarbss                farbss       000000
__Lfardata               fardata      000000
__Libigdata              ibigdata     000000
__Lidata                 idata        000000
__LidataBANK0            idataBANK0   000000
__LidataCOMRAM           idataCOMRAM  000000
__Lidloc                 idloc        200000
__Lifardata              ifardata     000000
__Linit                  init         0000A6
__Lintcode               intcode      000008
__Lintcode_body          intcode_body 000000
__Lintcodelo             intcodelo    0000A6
__Lintentry              intentry     000000
__Lintret                intret       000000
__Lintsave_regs          intsave_regs 000000
__Lirdata                irdata       000000
__Lmediumconst           mediumconst  000000
__LnvFARRAM              nvFARRAM     000000
__Lnvbit                 nvbit        000000
__Lnvrram                nvrram       000000
__Lparam                 rparam       000000
__Lpowerup               powerup      0000A6
__Lram                   ram          000000
__Lramtop                ramtop       000600
__Lrbit                  rbit         000000
__Lrbss                  rbss         000000
__Lrdata                 rdata        000000
__Lreset_vec             reset_vec    000000
__Lrparam                rparam       000000
__Lsfr                   sfr          000000
__Lsmallconst            smallconst   000600
__Lspace_0               (abs)        000000
__Lspace_1               (abs)        000000
__Lspace_2               (abs)        000000
__Lstack                 stack        000000
__Lstruct                struct       000000
__Ltemp                  temp         000043
__Ltext                  text         000000
__Ltext0                 text0        000000
__Ltext1                 text1        000000
__Ltext2                 text2        000000
__Ltext3                 text3        000000
__Ltext4                 text4        000000
__Ltext5                 text5        000000
__Ltext6                 text6        000000
__Ltext7                 text7        000000
__Ltext8                 text8        000000
__S0                     (abs)        30000E
__S1                     (abs)        000081
__S2                     (abs)        000000
___inthi_sp              stack        000000
___intlo_sp              stack        000000
___param_bank            (abs)        000000
___rparam_used           (abs)        000001
___sp                    stack        000000
__accesstop              (abs)        000060
__activetblptr           (abs)        000001
__end_of_ISR             intcode      0000A6
__end_of_LCD_Init        text6        000A64
__end_of_LCD_Out         text8        000768
__end_of_LCD_Write       text7        000AF8
__end_of_LCD_putc        text5        000990
__end_of_LCD_putrs       text4        000BA0
__end_of_MCU_Delayms     text3        000BCC
__end_of_MCU_Init        text1        000C32
__end_of_RTCC_Init       text2        000BF0
__end_of__initialization cinit        000B44
__end_of_main            text0        0008A4
__initialization         cinit        000AF8
__mediumconst            mediumconst  000000
__pbssCOMRAM             bssCOMRAM    00003C
__pcinit                 cinit        000AF8
__pcstackCOMRAM          cstackCOMRAM 000001
__pdataBANK0             dataBANK0    000060
__pdataCOMRAM            dataCOMRAM   000026
__pidataBANK0            idataBANK0   000BF0
__pidataCOMRAM           idataCOMRAM  000C32
__pintcode               intcode      000008
__psmallconst            smallconst   000600
__ptext0                 text0        000768
__ptext1                 text1        000C12
__ptext2                 text2        000BCC
__ptext3                 text3        000BA0
__ptext4                 text4        000B56
__ptext5                 text5        0008A4
__ptext6                 text6        000990
__ptext7                 text7        000A64
__ptext8                 text8        000614
__ramtop                 ramtop       000600
__size_of_ISR            (abs)        000000
__size_of_LCD_Init       (abs)        000000
__size_of_LCD_Out        (abs)        000000
__size_of_LCD_Write      (abs)        000000
__size_of_LCD_putc       (abs)        000000
__size_of_LCD_putrs      (abs)        000000
__size_of_MCU_Delayms    (abs)        000000
__size_of_MCU_Init       (abs)        000000
__size_of_RTCC_Init      (abs)        000000
__size_of_main           (abs)        000000
__smallconst             smallconst   000600
_lcd                     bssCOMRAM    00003C
_main                    text0        000768
_text_1                  dataCOMRAM   000026
_text_2                  dataBANK0    000060
btemp                    temp         000043
end_of_initialization    cinit        000B44
int$flags                temp         000043
intlevel0                text         000000
intlevel1                text         000000
intlevel2                text         000000
intlevel3                text         000000
main@F6846               dataCOMRAM   000037
main@c                   cstackCOMRAM 000023
main@c_547               cstackCOMRAM 000024
main@c_548               cstackCOMRAM 000025
main@lcd                 cstackCOMRAM 00001E
stackhi                  (abs)        0005FF
stacklo                  (abs)        000081
start                    init         0000A6
start_initialization     cinit        000AF8


FUNCTION INFORMATION:

 *************** function _main *****************
 Defined at:
		line 52 in file "main.c"
 Parameters:    Size  Location     Type
		None
 Auto vars:     Size  Location     Type
  c               1   36[COMRAM] unsigned char 
  c               1   35[COMRAM] unsigned char 
  c               1   34[COMRAM] unsigned char 
  lcd             5   29[COMRAM] struct .
 Return value:  Size  Location     Type
                  2  126[None  ] int 
 Registers used:
		wreg, fsr0l, fsr0h, fsr1l, fsr1h, fsr2l, fsr2h, status,2, status,0, tblptrl, tblptrh, tblptru, prodl, prodh, cstack
 Tracked objects:
		On entry : 
		On exit  : 
		Unchanged: 
 Data sizes:     COMRAM   BANK0   BANK1   BANK2   BANK3   BANK4   BANK5
      Params:         0       0       0       0       0       0       0
      Locals:         8       0       0       0       0       0       0
      Temps:          0       0       0       0       0       0       0
      Totals:         8       0       0       0       0       0       0
Total ram usage:        8 bytes
 Hardware stack levels required when called:    4
 This function calls:
		_LCD_Init
		_LCD_Write
		_LCD_putc
		_LCD_putrs
		_MCU_Delayms
		_MCU_Init
 This function is called by:
		Startup code after reset
 This function uses a non-reentrant model


 *************** function _MCU_Init *****************
 Defined at:
		line 83 in file "main.c"
 Parameters:    Size  Location     Type
		None
 Auto vars:     Size  Location     Type
		None
 Return value:  Size  Location     Type
                  1    wreg      void 
 Registers used:
		wreg, status,2, cstack
 Tracked objects:
		On entry : 
		On exit  : 
		Unchanged: 
 Data sizes:     COMRAM   BANK0   BANK1   BANK2   BANK3   BANK4   BANK5
      Params:         0       0       0       0       0       0       0
      Locals:         0       0       0       0       0       0       0
      Temps:          0       0       0       0       0       0       0
      Totals:         0       0       0       0       0       0       0
Total ram usage:        0 bytes
 Hardware stack levels used:    1
 Hardware stack levels required when called:    2
 This function calls:
		_RTCC_Init
 This function is called by:
		_main
 This function uses a non-reentrant model


 *************** function _RTCC_Init *****************
 Defined at:
		line 100 in file "main.c"
 Parameters:    Size  Location     Type
		None
 Auto vars:     Size  Location     Type
		None
 Return value:  Size  Location     Type
                  1    wreg      void 
 Registers used:
		wreg, status,2
 Tracked objects:
		On entry : 
		On exit  : 
		Unchanged: 
 Data sizes:     COMRAM   BANK0   BANK1   BANK2   BANK3   BANK4   BANK5
      Params:         0       0       0       0       0       0       0
      Locals:         0       0       0       0       0       0       0
      Temps:          0       0       0       0       0       0       0
      Totals:         0       0       0       0       0       0       0
Total ram usage:        0 bytes
 Hardware stack levels used:    1
 Hardware stack levels required when called:    1
 This function calls:
		Nothing
 This function is called by:
		_MCU_Init
 This function uses a non-reentrant model


 *************** function _MCU_Delayms *****************
 Defined at:
		line 93 in file "main.c"
 Parameters:    Size  Location     Type
  time            2   14[COMRAM] unsigned int 
 Auto vars:     Size  Location     Type
  acc             2   17[COMRAM] unsigned int 
 Return value:  Size  Location     Type
                  1    wreg      void 
 Registers used:
		wreg, status,2, status,0
 Tracked objects:
		On entry : 
		On exit  : 
		Unchanged: 
 Data sizes:     COMRAM   BANK0   BANK1   BANK2   BANK3   BANK4   BANK5
      Params:         2       0       0       0       0       0       0
      Locals:         2       0       0       0       0       0       0
      Temps:          1       0       0       0       0       0       0
      Totals:         5       0       0       0       0       0       0
Total ram usage:        5 bytes
 Hardware stack levels used:    1
 Hardware stack levels required when called:    1
 This function calls:
		Nothing
 This function is called by:
		_main
 This function uses a non-reentrant model


 *************** function _LCD_putrs *****************
 Defined at:
		line 143 in file "lcd.c"
 Parameters:    Size  Location     Type
  a               2   22[COMRAM] PTR const unsigned char 
		 -> STR_1(17), 
 Auto vars:     Size  Location     Type
  i               2   26[COMRAM] int 
 Return value:  Size  Location     Type
                  1    wreg      void 
 Registers used:
		wreg, fsr2l, fsr2h, status,2, status,0, tblptrl, tblptrh, tblptru, cstack
 Tracked objects:
		On entry : 
		On exit  : 
		Unchanged: 
 Data sizes:     COMRAM   BANK0   BANK1   BANK2   BANK3   BANK4   BANK5
      Params:         2       0       0       0       0       0       0
      Locals:         2       0       0       0       0       0       0
      Temps:          2       0       0       0       0       0       0
      Totals:         6       0       0       0       0       0       0
Total ram usage:        6 bytes
 Hardware stack levels used:    1
 Hardware stack levels required when called:    3
 This function calls:
		_LCD_putc
 This function is called by:
		_main
 This function uses a non-reentrant model


 *************** function _LCD_putc *****************
 Defined at:
		line 118 in file "lcd.c"
 Parameters:    Size  Location     Type
  c               1    wreg     unsigned char 
 Auto vars:     Size  Location     Type
  c               1   21[COMRAM] unsigned char 
 Return value:  Size  Location     Type
                  1    wreg      void 
 Registers used:
		wreg, fsr2l, fsr2h, status,2, status,0, cstack
 Tracked objects:
		On entry : 
		On exit  : 
		Unchanged: 
 Data sizes:     COMRAM   BANK0   BANK1   BANK2   BANK3   BANK4   BANK5
      Params:         0       0       0       0       0       0       0
      Locals:         1       0       0       0       0       0       0
      Temps:          3       0       0       0       0       0       0
      Totals:         4       0       0       0       0       0       0
Total ram usage:        4 bytes
 Hardware stack levels used:    1
 Hardware stack levels required when called:    2
 This function calls:
		_LCD_Out
 This function is called by:
		_LCD_putrs
		_main
		_LCD_puts
 This function uses a non-reentrant model


 *************** function _LCD_Init *****************
 Defined at:
		line 60 in file "lcd.c"
 Parameters:    Size  Location     Type
  display         5   22[COMRAM] struct .
 Auto vars:     Size  Location     Type
  cmd             1   28[COMRAM] unsigned char 
 Return value:  Size  Location     Type
                  1    wreg      unsigned char 
 Registers used:
		wreg, fsr1l, fsr1h, fsr2l, fsr2h, status,2, status,0, cstack
 Tracked objects:
		On entry : 
		On exit  : 
		Unchanged: 
 Data sizes:     COMRAM   BANK0   BANK1   BANK2   BANK3   BANK4   BANK5
      Params:         5       0       0       0       0       0       0
      Locals:         1       0       0       0       0       0       0
      Temps:          1       0       0       0       0       0       0
      Totals:         7       0       0       0       0       0       0
Total ram usage:        7 bytes
 Hardware stack levels used:    1
 Hardware stack levels required when called:    3
 This function calls:
		_LCD_Write
 This function is called by:
		_main
 This function uses a non-reentrant model


 *************** function _LCD_Write *****************
 Defined at:
		line 52 in file "lcd.c"
 Parameters:    Size  Location     Type
  c               1    wreg     unsigned char 
 Auto vars:     Size  Location     Type
  c               1   21[COMRAM] unsigned char 
 Return value:  Size  Location     Type
                  1    wreg      void 
 Registers used:
		wreg, fsr2l, fsr2h, status,2, status,0, cstack
 Tracked objects:
		On entry : 
		On exit  : 
		Unchanged: 
 Data sizes:     COMRAM   BANK0   BANK1   BANK2   BANK3   BANK4   BANK5
      Params:         0       0       0       0       0       0       0
      Locals:         1       0       0       0       0       0       0
      Temps:          3       0       0       0       0       0       0
      Totals:         4       0       0       0       0       0       0
Total ram usage:        4 bytes
 Hardware stack levels used:    1
 Hardware stack levels required when called:    2
 This function calls:
		_LCD_Out
 This function is called by:
		_LCD_Init
		_main
 This function uses a non-reentrant model


 *************** function _LCD_Out *****************
 Defined at:
		line 21 in file "lcd.c"
 Parameters:    Size  Location     Type
  c               1    wreg     unsigned char 
 Auto vars:     Size  Location     Type
  c               1   17[COMRAM] unsigned char 
 Return value:  Size  Location     Type
                  1    wreg      void 
 Registers used:
		wreg, fsr2l, fsr2h, status,2, status,0
 Tracked objects:
		On entry : 
		On exit  : 
		Unchanged: 
 Data sizes:     COMRAM   BANK0   BANK1   BANK2   BANK3   BANK4   BANK5
      Params:         0       0       0       0       0       0       0
      Locals:         1       0       0       0       0       0       0
      Temps:          3       0       0       0       0       0       0
      Totals:         4       0       0       0       0       0       0
Total ram usage:        4 bytes
 Hardware stack levels used:    1
 Hardware stack levels required when called:    1
 This function calls:
		Nothing
 This function is called by:
		_LCD_Write
		_LCD_putc
 This function uses a non-reentrant model


 *************** function _ISR *****************
 Defined at:
		line 38 in file "main.c"
 Parameters:    Size  Location     Type
		None
 Auto vars:     Size  Location     Type
		None
 Return value:  Size  Location     Type
                  1    wreg      void 
 Registers used:
		wreg, status,2, status,0
 Tracked objects:
		On entry : 
		On exit  : 
		Unchanged: 
 Data sizes:     COMRAM   BANK0   BANK1   BANK2   BANK3   BANK4   BANK5
      Params:         0       0       0       0       0       0       0
      Locals:         0       0       0       0       0       0       0
      Temps:         14       0       0       0       0       0       0
      Totals:        14       0       0       0       0       0       0
Total ram usage:       14 bytes
 Hardware stack levels used:    1
 This function calls:
		Nothing
 This function is called by:
		Interrupt level 2
 This function uses a non-reentrant model



MODULE INFORMATION

Module		Function		Class		Link	Load	Size
shared
		__initialization		CODE           	0AF8	0000	77

shared estimated size: 77

lcd.c
		_LCD_Init      		CODE           	0990	0000	213
		_LCD_Out       		CODE           	0614	0000	341
		_LCD_putc      		CODE           	08A4	0000	237
		_LCD_putrs     		CODE           	0B56	0000	75
		_LCD_Write     		CODE           	0A64	0000	149

lcd.c estimated size: 1015

main.c
		_ISR           		CODE           	0008	0000	159
		_main          		CODE           	0768	0000	317
		_RTCC_Init     		CODE           	0BCC	0000	37
		_MCU_Init      		CODE           	0C12	0000	33
		_MCU_Delayms   		CODE           	0BA0	0000	45

main.c estimated size: 591

