Microchip MPLAB XC8 Compiler V1.42 ()

Linker command line:

-W-3 --edf=C:\Program Files (x86)\Microchip\xc8\v1.42\dat\en_msgs.txt -cs \
  -h+dist/default/production\XC8_12F675_ADC_LEDs_potenciometro.X.production.sym \
  --cmf=dist/default/production\XC8_12F675_ADC_LEDs_potenciometro.X.production.cmf \
  -z -Q12F675 -oC:\Users\MRCHU_~1\AppData\Local\Temp\s81c.2 \
  -Mdist/default/production/XC8_12F675_ADC_LEDs_potenciometro.X.production.map \
  -E1 -ver=XC8 -ASTACK=034h-05dh -pstack=STACK -ACODE=00h-03FEh \
  -ASTRCODE=00h-03FEh -ASTRING=00h-0FFhx3,0300h-03FEh \
  -ACONST=00h-0FFhx3,0300h-03FEh -AENTRY=00h-0FFhx3,0300h-03FEh \
  -ABANK0=020h-05Dh -ARAM=020h-05Dh -AABS1=020h-05Fh -ACOMMON=05Eh-05Fh \
  -ASFR0=00h-01Fh -ASFR1=080h-0DDh -preset_vec=00h,intentry,init,end_init \
  -ppowerup=CODE -pcinit=CODE -pfunctab=CODE -ACONFIG=02007h-02007h \
  -pconfig=CONFIG -DCONFIG=2 -AIDLOC=02000h-02003h -pidloc=IDLOC -DIDLOC=2 \
  -AEEDATA=00h-07Fh/02100h -peeprom_data=EEDATA -DEEDATA=2 -posccal=03FFh \
  -DCODE=2 -DSTRCODE=2 -DSTRING=2 -DCONST=2 -DENTRY=2 -k \
  C:\Users\MRCHU_~1\AppData\Local\Temp\s81c.obj \
  dist/default/production\XC8_12F675_ADC_LEDs_potenciometro.X.production.obj 

Object code version is 3.11

Machine type is 12F675



                Name                               Link     Load   Length Selector   Space Scale
C:\Users\MRCHU_~1\AppData\Local\Temp\s81c.obj
                end_init                              0        0        1        0       0
                config                             2007     2007        1     400E       0
dist/default/production\XC8_12F675_ADC_LEDs_potenciometro.X.production.obj
                cinit                               3EF      3EF       10      7DE       0
                text5                               3CD      3CD       22      79A       0
                text4                               378      378       1A      6F0       0
                text3                               367      367       11      6CE       0
                text2                               35D      35D        A      6BA       0
                text1                               3AC      3AC       21      758       0
                maintext                            392      392       1A      724       0
                cstackBANK0                          20       20        D       20       1
                dataBANK0                            2D       2D        7       20       1
                idataBANK0                          356      356        7      6AC       0

TOTAL           Name                               Link     Load   Length     Space
        CLASS   STACK          

        CLASS   CODE           
                end_init                              0        0        1         0
                cinit                               3EF      3EF       10         0
                text5                               3CD      3CD       22         0
                text4                               378      378       1A         0
                text3                               367      367       11         0
                text2                               35D      35D        A         0
                text1                               3AC      3AC       21         0
                maintext                            392      392       1A         0
                idataBANK0                          356      356        7         0

        CLASS   STRCODE        

        CLASS   STRING         

        CLASS   CONST          

        CLASS   ENTRY          

        CLASS   BANK0          
                cstackBANK0                          20       20        D         1
                dataBANK0                            2D       2D        7         1

        CLASS   RAM            

        CLASS   ABS1           
                abs_s1                               5E       5E        2         1

        CLASS   COMMON         

        CLASS   SFR0           

        CLASS   SFR1           

        CLASS   CONFIG         
                config                             2007     2007        1         0

        CLASS   IDLOC          

        CLASS   EEDATA         

        CLASS   BANK1          



SEGMENTS        Name                           Load    Length   Top    Selector   Space  Class     Delta

                reset_vec                      000000  000001  000001         0       0  CODE        2
                cstackBANK0                    000020  000014  000034        20       1  BANK0       1
                idataBANK0                     000356  000007  00035D       6AC       0  CODE        2
                text2                          00035D  00000A  000367       6BA       0  CODE        2
                text3                          000367  000011  000378       6CE       0  CODE        2
                text4                          000378  00001A  000392       6F0       0  CODE        2
                maintext                       000392  00001A  0003AC       724       0  CODE        2
                text1                          0003AC  000021  0003CD       758       0  CODE        2
                text5                          0003CD  000022  0003EF       79A       0  CODE        2
                cinit                          0003EF  000010  0003FF       7DE       0  CODE        2
                config                         002007  000001  002008      400E       0  CONFIG      2


UNUSED ADDRESS RANGES

        Name                Unused          Largest block    Delta
        BANK0            0034-005D             2A           1
        CODE             0001-0355            355           2
        CONST            0001-0355            100           2
        EEDATA           2100-217F             80           2
        ENTRY            0001-0355            100           2
        IDLOC            2000-2003              4           2
        RAM              0034-005D             2A           1
        SFR0             0000-001F             20           1
        SFR1             0080-00DD             5E           1
        STACK            0034-005D             2A           1
        STRCODE          0001-0355            355           2
        STRING           0001-0355            100           2

                                  Symbol Table

?_ADC_Read               cstackBANK0  0020
ADC_Read@RESULT_ADC      cstackBANK0  0024
Delay_ms@j               cstackBANK0  0029
Delay_ms@t               cstackBANK0  0026
Send_Data@DATA           cstackBANK0  0021
Send_Data@FLAG           cstackBANK0  0022
Send_Data@LOOP           cstackBANK0  0023
_ADCON0bits              (abs)        001F
_ADC_Init                text3        0367
_ADC_Read                text5        03CD
_ADRESH                  (abs)        001E
_ADRESL                  (abs)        009E
_ANSELbits               (abs)        009F
_Delay_ms                text4        0378
_GPIObits                (abs)        0005
_LEDs_DATA               dataBANK0    002D
_MCU_Init                text2        035D
_Send_Data               text1        03AC
_TRISIO                  (abs)        0085
__CFG_BOREN$OFF          (abs)        0000
__CFG_CP$OFF             (abs)        0000
__CFG_CPD$OFF            (abs)        0000
__CFG_FOSC$INTRCIO       (abs)        0000
__CFG_MCLRE$ON           (abs)        0000
__CFG_PWRTE$OFF          (abs)        0000
__CFG_WDTE$OFF           (abs)        0000
__Habs1                  abs1         07FE
__Hbank0                 bank0        07FE
__Hbank1                 bank1        07FE
__Hcinit                 cinit        03FF
__Hclrtext               clrtext      07FE
__Hcode                  code         07FE
__Hcommon                common       07FE
__Hconfig                config       2008
__HcstackBANK0           cstackBANK0  07FE
__HcstackCOMMON          cstackCOMMON 07FE
__HdataBANK0             dataBANK0    07FE
__Heeprom_data           eeprom_data  0000
__Hend_init              end_init     0001
__Hfunctab               functab      0000
__HidataBANK0            idataBANK0   07FE
__Hidloc                 idloc        0000
__Hinit                  init         0000
__Hintentry              intentry     0000
__Hmaintext              maintext     07FE
__Hosccal                osccal       03FF
__Hpowerup               powerup      0000
__Hram                   ram          07FE
__Hreset_vec             reset_vec    0000
__Hsfr0                  sfr0         07FE
__Hsfr1                  sfr1         07FE
__Hspace_0               (abs)        2008
__Hspace_1               (abs)        07FE
__Hspace_2               (abs)        0000
__Hspace_3               (abs)        0000
__Hstack                 stack        0000
__Hstrings               strings      07FE
__Htext                  text         07FE
__Labs1                  abs1         07FE
__Lbank0                 bank0        07FE
__Lbank1                 bank1        07FE
__Lcinit                 cinit        03EF
__Lclrtext               clrtext      07FE
__Lcode                  code         07FE
__Lcommon                common       07FE
__Lconfig                config       2007
__LcstackBANK0           cstackBANK0  07FE
__LcstackCOMMON          cstackCOMMON 07FE
__LdataBANK0             dataBANK0    07FE
__Leeprom_data           eeprom_data  0000
__Lend_init              end_init     0000
__Lfunctab               functab      0000
__LidataBANK0            idataBANK0   07FE
__Lidloc                 idloc        0000
__Linit                  init         0000
__Lintentry              intentry     0000
__Lmaintext              maintext     07FE
__Losccal                osccal       03FF
__Lpowerup               powerup      0000
__Lram                   ram          07FE
__Lreset_vec             reset_vec    0000
__Lsfr0                  sfr0         07FE
__Lsfr1                  sfr1         07FE
__Lspace_0               (abs)        0000
__Lspace_1               (abs)        0000
__Lspace_2               (abs)        0000
__Lspace_3               (abs)        0000
__Lstack                 stack        0000
__Lstrings               strings      07FE
__Ltext                  text         07FE
__S0                     (abs)        2008
__S1                     (abs)        0034
__S2                     (abs)        0000
__S3                     (abs)        0000
___int_sp                stack        0000
___latbits               (abs)        0000
___osccal_val            osccal       03FF
___sp                    stack        0000
__end_of_ADC_Init        text3        0378
__end_of_ADC_Read        text5        03EF
__end_of_Delay_ms        text4        0392
__end_of_MCU_Init        text2        0367
__end_of_Send_Data       text1        03CD
__end_of__initialization cinit        03FD
__end_of_main            maintext     03AC
__initialization         cinit        03EF
__pcstackBANK0           cstackBANK0  0020
__pcstackCOMMON          cstackCOMMON 0000
__pdataBANK0             dataBANK0    002D
__pidataBANK0            idataBANK0   0356
__pmaintext              maintext     0392
__ptext1                 text1        03AC
__ptext2                 text2        035D
__ptext3                 text3        0367
__ptext4                 text4        0378
__ptext5                 text5        03CD
__size_of_ADC_Init       (abs)        0000
__size_of_ADC_Read       (abs)        0000
__size_of_Delay_ms       (abs)        0000
__size_of_MCU_Init       (abs)        0000
__size_of_Send_Data      (abs)        0000
__size_of_main           (abs)        0000
_main                    maintext     0392
btemp                    (abs)        005E
end_of_initialization    cinit        03FD
intlevel0                functab      0000
intlevel1                functab      0000
intlevel2                functab      0000
intlevel3                functab      0000
intlevel4                functab      0000
intlevel5                functab      0000
main@i                   cstackBANK0  002C
reset_vec                reset_vec    0000
stackhi                  (abs)        0000
stacklo                  (abs)        0000
start                    init         0000
start_initialization     cinit        03EF
wtemp0                   (abs)        005E


FUNCTION INFORMATION:

 *************** function _main *****************
 Defined at:
		line 54 in file "main.c"
 Parameters:    Size  Location     Type
		None
 Auto vars:     Size  Location     Type
  i               1   12[BANK0 ] unsigned char 
 Return value:  Size  Location     Type
                  1    wreg      void 
 Registers used:
		wreg, fsr0l, fsr0h, status,2, status,0, btemp+1, pclath, cstack
 Tracked objects:
		On entry : 
		On exit  : 
		Unchanged: 
 Data sizes:     COMMON   BANK0
      Params:         0       0
      Locals:         0       1
      Temps:          0       1
      Totals:         0       2
Total ram usage:        2 bytes
 Hardware stack levels required when called:    2
 This function calls:
		_ADC_Read
		_Delay_ms
		_MCU_Init
		_Send_Data
 This function is called by:
		Startup code after reset
 This function uses a non-reentrant model


 *************** function _Send_Data *****************
 Defined at:
		line 75 in file "main.c"
 Parameters:    Size  Location     Type
  DATA            1    wreg     unsigned char 
 Auto vars:     Size  Location     Type
  DATA            1    1[BANK0 ] unsigned char 
  LOOP            1    3[BANK0 ] unsigned char 
  FLAG            1    2[BANK0 ] unsigned char 
 Return value:  Size  Location     Type
                  1    wreg      void 
 Registers used:
		wreg, status,2, status,0
 Tracked objects:
		On entry : 
		On exit  : 
		Unchanged: 
 Data sizes:     COMMON   BANK0
      Params:         0       0
      Locals:         0       3
      Temps:          0       1
      Totals:         0       4
Total ram usage:        4 bytes
 Hardware stack levels used:    1
 This function calls:
		Nothing
 This function is called by:
		_main
 This function uses a non-reentrant model


 *************** function _MCU_Init *****************
 Defined at:
		line 65 in file "main.c"
 Parameters:    Size  Location     Type
		None
 Auto vars:     Size  Location     Type
		None
 Return value:  Size  Location     Type
                  1    wreg      void 
 Registers used:
		wreg, status,2, status,0, pclath, cstack
 Tracked objects:
		On entry : 
		On exit  : 
		Unchanged: 
 Data sizes:     COMMON   BANK0
      Params:         0       0
      Locals:         0       0
      Temps:          0       0
      Totals:         0       0
Total ram usage:        0 bytes
 Hardware stack levels used:    1
 Hardware stack levels required when called:    1
 This function calls:
		_ADC_Init
 This function is called by:
		_main
 This function uses a non-reentrant model


 *************** function _ADC_Init *****************
 Defined at:
		line 89 in file "main.c"
 Parameters:    Size  Location     Type
		None
 Auto vars:     Size  Location     Type
		None
 Return value:  Size  Location     Type
                  1    wreg      void 
 Registers used:
		wreg, status,2, status,0
 Tracked objects:
		On entry : 
		On exit  : 
		Unchanged: 
 Data sizes:     COMMON   BANK0
      Params:         0       0
      Locals:         0       0
      Temps:          0       0
      Totals:         0       0
Total ram usage:        0 bytes
 Hardware stack levels used:    1
 This function calls:
		Nothing
 This function is called by:
		_MCU_Init
 This function uses a non-reentrant model


 *************** function _Delay_ms *****************
 Defined at:
		line 108 in file "main.c"
 Parameters:    Size  Location     Type
  t               2    6[BANK0 ] unsigned int 
 Auto vars:     Size  Location     Type
  j               2    9[BANK0 ] unsigned int 
 Return value:  Size  Location     Type
                  1    wreg      void 
 Registers used:
		wreg, status,2
 Tracked objects:
		On entry : 
		On exit  : 
		Unchanged: 
 Data sizes:     COMMON   BANK0
      Params:         0       2
      Locals:         0       2
      Temps:          0       1
      Totals:         0       5
Total ram usage:        5 bytes
 Hardware stack levels used:    1
 This function calls:
		Nothing
 This function is called by:
		_main
 This function uses a non-reentrant model


 *************** function _ADC_Read *****************
 Defined at:
		line 99 in file "main.c"
 Parameters:    Size  Location     Type
		None
 Auto vars:     Size  Location     Type
  RESULT_ADC      2    4[BANK0 ] int 
 Return value:  Size  Location     Type
                  2    0[BANK0 ] unsigned int 
 Registers used:
		wreg, status,2, btemp+1
 Tracked objects:
		On entry : 
		On exit  : 
		Unchanged: 
 Data sizes:     COMMON   BANK0
      Params:         0       2
      Locals:         0       2
      Temps:          0       2
      Totals:         0       6
Total ram usage:        6 bytes
 Hardware stack levels used:    1
 This function calls:
		Nothing
 This function is called by:
		_main
 This function uses a non-reentrant model



MODULE INFORMATION

Module		Function		Class		Link	Load	Size
shared
		__initialization		CODE           	03EF	0000	15

shared estimated size: 15

main.c
		_main          		CODE           	0392	0000	27
		_Delay_ms      		CODE           	0378	0000	27
		_MCU_Init      		CODE           	035D	0000	11
		_ADC_Read      		CODE           	03CD	0000	35
		_ADC_Init      		CODE           	0367	0000	18
		_Send_Data     		CODE           	03AC	0000	34

main.c estimated size: 152

