Microchip MPLAB XC8 Compiler V1.42 ()

Linker command line:

-W-3 --edf=C:\Program Files (x86)\Microchip\xc8\v1.42\dat\en_msgs.txt -cs \
  -h+dist/default/production\XC8_18F4620_DS1307_rtc.X.production.sym \
  --cmf=dist/default/production\XC8_18F4620_DS1307_rtc.X.production.cmf -z \
  -Q18F4620 -oC:\Users\MRCHU_~1\AppData\Local\Temp\sbt8.2 \
  -Mdist/default/production/XC8_18F4620_DS1307_rtc.X.production.map -E1 \
  -ver=XC8 -ASTACK=080h-0f7fh -pstack=STACK -ACODE=00h-0FFFFh \
  -ACONST=00h-0FFFFh -ASMALLCONST=01000h-010FFhx240 \
  -AMEDIUMCONST=01000h-0FFFFh -ACOMRAM=01h-07Fh -AABS1=00h-0F7Fh \
  -ABIGRAM=01h-0F7Fh -ARAM=080h-0FFh,0100h-01FFhx14,0F00h-0F7Fh \
  -ABANK0=080h-0FFh -ABANK1=0100h-01FFh -ABANK2=0200h-02FFh \
  -ABANK3=0300h-03FFh -ABANK4=0400h-04FFh -ABANK5=0500h-05FFh \
  -ABANK6=0600h-06FFh -ABANK7=0700h-07FFh -ABANK8=0800h-08FFh \
  -ABANK9=0900h-09FFh -ABANK10=0A00h-0AFFh -ABANK11=0B00h-0BFFh \
  -ABANK12=0C00h-0CFFh -ABANK13=0D00h-0DFFh -ABANK14=0E00h-0EFFh \
  -ABANK15=0F00h-0F7Fh -ASFR=0F80h-0FFFh \
  -preset_vec=00h,intcode,intcodelo,powerup,init -pramtop=01000h \
  -psmallconst=SMALLCONST -pmediumconst=MEDIUMCONST -pconst=CONST \
  -AFARRAM=00h-00h -ACONFIG=0300000h-030000Dh -pconfig=CONFIG \
  -AIDLOC=0200000h-0200007h -pidloc=IDLOC -AEEDATA=0F00000h-0F003FFh \
  -peeprom_data=EEDATA \
  -prdata=COMRAM,nvrram=COMRAM,nvbit=COMRAM,rbss=COMRAM,rbit=COMRAM \
  -pfarbss=FARRAM,fardata=FARRAM,nvFARRAM=FARRAM \
  -pintsave_regs=BIGRAM,bigbss=BIGRAM,bigdata=BIGRAM -pbss=RAM \
  -pidata=CODE,irdata=CODE,ibigdata=CODE,ifardata=CODE -prparam=COMRAM \
  C:\Users\MRCHU_~1\AppData\Local\Temp\sbt8.obj \
  dist/default/production\XC8_18F4620_DS1307_rtc.X.production.obj 

Object code version is 3.11

Machine type is 18F4620

Call graph: (short form)




                Name                               Link     Load   Length Selector   Space Scale
C:\Users\MRCHU_~1\AppData\Local\Temp\sbt8.obj
                init                                  0        0        4        0       0
                idloc                            200000   200000        8   200000       0
                config                           300000   300000        E   300000       0
dist/default/production\XC8_18F4620_DS1307_rtc.X.production.obj
                smallconst                         1000     1000       4E      800       0
                text28                             1D12     1D12        E      827       0
                text27                             1B20     1B20       60      827       0
                text26                             1BD4     1BD4       48      827       0
                text25                             1C1C     1C1C       42      827       0
                text24                             1CDC     1CDC       14      827       0
                text23                             1888     1888       82      827       0
                text22                             1804     1804       84      827       0
                text21                             190A     190A       70      827       0
                text20                             104E     104E      2BE      827       0
                text19                             130C     130C      1F6      827       0
                text18                             1D58     1D58        A      827       0
                text17                             1D38     1D38        C      827       0
                text16                             1D2C     1D2C        C      827       0
                text15                             1D20     1D20        C      827       0
                text14                             1D4E     1D4E        A      827       0
                text13                             1D44     1D44        A      827       0
                text12                             1CC4     1CC4       18      827       0
                text11                             19E8     19E8       6E      827       0
                text10                             1A56     1A56       68      827       0
                text9                              176A     176A       9A      827       0
                text8                              1CF0     1CF0       12      827       0
                text7                              1C5E     1C5E       38      827       0
                text6                              16B4     16B4       B6      827       0
                text5                              1ABE     1ABE       62      827       0
                text4                              1C96     1C96       2E      827       0
                text3                              1B80     1B80       54      827       0
                text2                              1502     1502       E6      827       0
                text1                              15E8     15E8       CC      827       0
                text0                              197A     197A       6E      827       0
                cstackCOMRAM                          1        1       14        1       1
                bssCOMRAM                            15       15        5        1       1
                cinit                              1D02     1D02       10      827       0

TOTAL           Name                               Link     Load   Length     Space
        CLASS   STACK          

        CLASS   CODE           
                init                                  0        0        4         0
                text28                             1D12     1D12        E         0
                text27                             1B20     1B20       60         0
                text26                             1BD4     1BD4       48         0
                text25                             1C1C     1C1C       42         0
                text24                             1CDC     1CDC       14         0
                text23                             1888     1888       82         0
                text22                             1804     1804       84         0
                text21                             190A     190A       70         0
                text20                             104E     104E      2BE         0
                text19                             130C     130C      1F6         0
                text18                             1D58     1D58        A         0
                text17                             1D38     1D38        C         0
                text16                             1D2C     1D2C        C         0
                text15                             1D20     1D20        C         0
                text14                             1D4E     1D4E        A         0
                text13                             1D44     1D44        A         0
                text12                             1CC4     1CC4       18         0
                text11                             19E8     19E8       6E         0
                text10                             1A56     1A56       68         0
                text9                              176A     176A       9A         0
                text8                              1CF0     1CF0       12         0
                text7                              1C5E     1C5E       38         0
                text6                              16B4     16B4       B6         0
                text5                              1ABE     1ABE       62         0
                text4                              1C96     1C96       2E         0
                text3                              1B80     1B80       54         0
                text2                              1502     1502       E6         0
                text1                              15E8     15E8       CC         0
                text0                              197A     197A       6E         0
                cinit                              1D02     1D02       10         0

        CLASS   CONST          

        CLASS   SMALLCONST     
                smallconst                         1000     1000       4E         0

        CLASS   MEDIUMCONST    

        CLASS   COMRAM         
                cstackCOMRAM                          1        1       14         1
                bssCOMRAM                            15       15        5         1

        CLASS   ABS1           

        CLASS   BIGRAM         

        CLASS   RAM            

        CLASS   BANK0          

        CLASS   BANK1          

        CLASS   BANK2          

        CLASS   BANK3          

        CLASS   BANK4          

        CLASS   BANK5          

        CLASS   BANK6          

        CLASS   BANK7          

        CLASS   BANK8          

        CLASS   BANK9          

        CLASS   BANK10         

        CLASS   BANK11         

        CLASS   BANK12         

        CLASS   BANK13         

        CLASS   BANK14         

        CLASS   BANK15         

        CLASS   SFR            

        CLASS   FARRAM         

        CLASS   CONFIG         
                config                           300000   300000        E         0

        CLASS   IDLOC          
                idloc                            200000   200000        8         0

        CLASS   EEDATA         



SEGMENTS        Name                           Load    Length   Top    Selector   Space  Class

                reset_vec                      000000  000004  000004         0       0  CODE    
                cstackCOMRAM                   000001  000019  00001A         1       1  COMRAM  
                smallconst                     001000  00004E  00104E       800       0  SMALLCON
                text20                         00104E  000D14  001D62       827       0  CODE    
                idloc                          200000  000008  200008    200000       0  IDLOC   
                config                         300000  00000E  30000E    300000       0  CONFIG  


UNUSED ADDRESS RANGES

        Name                Unused          Largest block    Delta
        BANK0            000080-0000FF               80
        BANK1            000100-0001FF              100
        BANK10           000A00-000AFF              100
        BANK11           000B00-000BFF              100
        BANK12           000C00-000CFF              100
        BANK13           000D00-000DFF              100
        BANK14           000E00-000EFF              100
        BANK15           000F00-000F7F               80
        BANK2            000200-0002FF              100
        BANK3            000300-0003FF              100
        BANK4            000400-0004FF              100
        BANK5            000500-0005FF              100
        BANK6            000600-0006FF              100
        BANK7            000700-0007FF              100
        BANK8            000800-0008FF              100
        BANK9            000900-0009FF              100
        BIGRAM           00001A-000F7F              F66
        CODE             000004-000FFF              FFC
                         001D62-00FFFF             E29E
        COMRAM           00001A-00007F               66
        CONST            000004-000FFF              FFC
                         001D62-00FFFF             E29E
        EEDATA           F00000-F003FF              400
        MEDIUMCONST      001D62-00FFFF             E29E
        RAM              000080-000F7F              100
        SFR              000F80-000FFF               80
        SMALLCONST       001D62-00FFFF              100
        STACK            000080-000F7F              F00

                                  Symbol Table

?_Get_DS1307_RTC_Date                cstackCOMRAM 000009
?_Get_DS1307_RTC_Time                cstackCOMRAM 000009
?___awdiv                            cstackCOMRAM 000001
?___awmod                            cstackCOMRAM 000001
DisplayDateOnLCD@pDateArray          cstackCOMRAM 000010
DisplayTimeToLCD@pTimeArray          cstackCOMRAM 000010
I2C_Write_Byte@Byte                  cstackCOMRAM 000001
LCD_GotoXY@LCD_X                     cstackCOMRAM 000005
LCD_GotoXY@LCD_Y                     cstackCOMRAM 000004
LCD_Putc_xy@LCD_DATA                 cstackCOMRAM 00000B
LCD_Putc_xy@LCD_X                    cstackCOMRAM 000009
LCD_Putc_xy@LCD_Y                    cstackCOMRAM 00000A
LCD_Putrs@LCD_INDEX                  cstackCOMRAM 00000F
LCD_Putrs@LCD_STRING                 cstackCOMRAM 000006
LCD_Putrs@LCD_WIDE_COUNT             cstackCOMRAM 00000E
LCD_Putrs@LCD_X                      cstackCOMRAM 000009
LCD_Putrs@LCD_Y                      cstackCOMRAM 00000A
LCD_WriteCommand@LCD_COMMAND         cstackCOMRAM 000003
LCD_WriteCommand@LCD_PORT_DATA       cstackCOMRAM 000002
LCD_WriteData@LCD_DATA               cstackCOMRAM 000002
LCD_WriteData@LCD_PORT_DATA          cstackCOMRAM 000003
LCD_WriteNibble@LCD_COMMAND          cstackCOMRAM 000002
LCD_WriteNibble@LCD_PORT_DATA        cstackCOMRAM 000003
Read_Bytes_From_DS1307_RTC@Address   cstackCOMRAM 000006
Read_Bytes_From_DS1307_RTC@NoOfBytes cstackCOMRAM 000004
Read_Bytes_From_DS1307_RTC@i         cstackCOMRAM 000007
Read_Bytes_From_DS1307_RTC@pData     cstackCOMRAM 000002
Set_DS1307_RTC_Date@Date             cstackCOMRAM 00000F
Set_DS1307_RTC_Date@Day              cstackCOMRAM 00000C
Set_DS1307_RTC_Date@Month            cstackCOMRAM 00000A
Set_DS1307_RTC_Date@Year             cstackCOMRAM 00000B
Set_DS1307_RTC_Time@Hours            cstackCOMRAM 00000A
Set_DS1307_RTC_Time@Mins             cstackCOMRAM 00000B
Set_DS1307_RTC_Time@Mode             cstackCOMRAM 00000F
Set_DS1307_RTC_Time@Secs             cstackCOMRAM 00000C
Write_Bytes_To_DS1307_RTC@Address    cstackCOMRAM 000007
Write_Bytes_To_DS1307_RTC@NoOfBytes  cstackCOMRAM 000004
Write_Bytes_To_DS1307_RTC@i          cstackCOMRAM 000008
Write_Bytes_To_DS1307_RTC@pData      cstackCOMRAM 000002
_ACKDT                               (abs)        007E2D
_ACKEN                               (abs)        007E2C
_ACKSTAT                             (abs)        007E2E
_ADCON1                              (abs)        000FC1
_DisplayDateOnLCD                    text20       00104E
_DisplayTimeToLCD                    text19       00130C
_Get_DS1307_RTC_Date                 text10       001A56
_Get_DS1307_RTC_Time                 text9        00176A
_I2C_ReStart                         text18       001D58
_I2C_Read_Byte                       text17       001D38
_I2C_Send_ACK                        text16       001D2C
_I2C_Send_NACK                       text15       001D20
_I2C_Start                           text14       001D4E
_I2C_Stop                            text13       001D44
_I2C_Write_Byte                      text12       001CC4
_InitI2C                             text8        001CF0
_LCD_GotoXY                          text26       001BD4
_LCD_Init                            text6        0016B4
_LCD_Putc_xy                         text24       001CDC
_LCD_Putrs                           text23       001888
_LCD_Strobe                          text28       001D12
_LCD_WriteCommand                    text27       001B20
_LCD_WriteData                       text25       001C1C
_LCD_WriteNibble                     text7        001C5E
_MCU_HelloMessage                    text5        001ABE
_MCU_Init                            text4        001C96
_OSCCONbits                          (abs)        000FD3
_OSCTUNEbits                         (abs)        000F9B
_PEN                                 (abs)        007E2A
_PORTA                               (abs)        000F80
_PORTB                               (abs)        000F81
_PORTC                               (abs)        000F82
_PORTD                               (abs)        000F83
_PORTDbits                           (abs)        000F83
_RCEN                                (abs)        007E2B
_RSEN                                (abs)        007E29
_Read_Bytes_From_DS1307_RTC          text11       0019E8
_SEN                                 (abs)        007E28
_SSPADD                              (abs)        000FC8
_SSPBUF                              (abs)        000FC9
_SSPCON1                             (abs)        000FC6
_SSPIF                               (abs)        007CF3
_SSPSTAT                             (abs)        000FC7
_Set_DS1307_RTC_Date                 text2        001502
_Set_DS1307_RTC_Time                 text1        0015E8
_TRISA                               (abs)        000F92
_TRISB                               (abs)        000F93
_TRISC                               (abs)        000F94
_TRISC3                              (abs)        007CA3
_TRISC4                              (abs)        007CA4
_TRISD                               (abs)        000F95
_Temp                                bssCOMRAM    000015
_Write_Bytes_To_DS1307_RTC           text3        001B80
__CFG_BOREN$OFF                      (abs)        000000
__CFG_CP0$OFF                        (abs)        000000
__CFG_CP1$OFF                        (abs)        000000
__CFG_CP2$OFF                        (abs)        000000
__CFG_CP3$OFF                        (abs)        000000
__CFG_CPB$OFF                        (abs)        000000
__CFG_CPD$OFF                        (abs)        000000
__CFG_DEBUG$OFF                      (abs)        000000
__CFG_EBTR0$OFF                      (abs)        000000
__CFG_EBTR1$OFF                      (abs)        000000
__CFG_EBTR2$OFF                      (abs)        000000
__CFG_EBTR3$OFF                      (abs)        000000
__CFG_EBTRB$OFF                      (abs)        000000
__CFG_FCMEN$ON                       (abs)        000000
__CFG_IESO$ON                        (abs)        000000
__CFG_LVP$OFF                        (abs)        000000
__CFG_MCLRE$ON                       (abs)        000000
__CFG_OSC$INTIO67                    (abs)        000000
__CFG_PWRT$ON                        (abs)        000000
__CFG_WDT$OFF                        (abs)        000000
__CFG_WRT0$OFF                       (abs)        000000
__CFG_WRT1$OFF                       (abs)        000000
__CFG_WRT3$OFF                       (abs)        000000
__CFG_WRTB$OFF                       (abs)        000000
__CFG_WRTC$OFF                       (abs)        000000
__CFG_WRTD$OFF                       (abs)        000000
__CFG_XINST$OFF                      (abs)        000000
__HRAM                               (abs)        000000
__Habs1                              abs1         000000
__Hbank0                             bank0        000000
__Hbank1                             bank1        000000
__Hbank10                            bank10       000000
__Hbank11                            bank11       000000
__Hbank12                            bank12       000000
__Hbank13                            bank13       000000
__Hbank14                            bank14       000000
__Hbank15                            bank15       000000
__Hbank2                             bank2        000000
__Hbank3                             bank3        000000
__Hbank4                             bank4        000000
__Hbank5                             bank5        000000
__Hbank6                             bank6        000000
__Hbank7                             bank7        000000
__Hbank8                             bank8        000000
__Hbank9                             bank9        000000
__Hbigbss                            bigbss       000000
__Hbigdata                           bigdata      000000
__Hbigram                            bigram       000000
__Hbss                               bss          000000
__HbssCOMRAM                         bssCOMRAM    000000
__Hcinit                             cinit        000000
__Hclrtext                           clrtext      000000
__Hcomram                            comram       000000
__Hconfig                            config       30000E
__Hconst                             const        000000
__HcstackCOMRAM                      cstackCOMRAM 000000
__Hdata                              data         000000
__Heeprom_data                       eeprom_data  000000
__Hfarbss                            farbss       000000
__Hfardata                           fardata      000000
__Hibigdata                          ibigdata     000000
__Hidata                             idata        000000
__Hidloc                             idloc        200008
__Hifardata                          ifardata     000000
__Hinit                              init         000004
__Hintcode                           intcode      000000
__Hintcode_body                      intcode_body 000000
__Hintcodelo                         intcodelo    000000
__Hintentry                          intentry     000000
__Hintret                            intret       000000
__Hintsave_regs                      intsave_regs 000000
__Hirdata                            irdata       000000
__Hmediumconst                       mediumconst  000000
__HnvFARRAM                          nvFARRAM     000000
__Hnvbit                             nvbit        000000
__Hnvrram                            nvrram       000000
__Hparam                             rparam       000000
__Hpowerup                           powerup      000000
__Hram                               ram          000000
__Hramtop                            ramtop       001000
__Hrbit                              rbit         000000
__Hrbss                              rbss         000000
__Hrdata                             rdata        000000
__Hreset_vec                         reset_vec    000000
__Hrparam                            rparam       000000
__Hsfr                               sfr          000000
__Hsmallconst                        smallconst   00104E
__Hspace_0                           (abs)        30000E
__Hspace_1                           (abs)        00001A
__Hspace_2                           (abs)        000000
__Hstack                             stack        000000
__Hstruct                            struct       000000
__Htemp                              temp         000000
__Htext                              text         000000
__Htext0                             text0        000000
__Htext1                             text1        000000
__Htext10                            text10       000000
__Htext11                            text11       000000
__Htext12                            text12       000000
__Htext13                            text13       000000
__Htext14                            text14       000000
__Htext15                            text15       000000
__Htext16                            text16       000000
__Htext17                            text17       000000
__Htext18                            text18       000000
__Htext19                            text19       000000
__Htext2                             text2        000000
__Htext20                            text20       000000
__Htext21                            text21       000000
__Htext22                            text22       000000
__Htext23                            text23       000000
__Htext24                            text24       000000
__Htext25                            text25       000000
__Htext26                            text26       000000
__Htext27                            text27       000000
__Htext28                            text28       000000
__Htext3                             text3        000000
__Htext4                             text4        000000
__Htext5                             text5        000000
__Htext6                             text6        000000
__Htext7                             text7        000000
__Htext8                             text8        000000
__Htext9                             text9        000000
__LRAM                               (abs)        000001
__Labs1                              abs1         000000
__Lbank0                             bank0        000000
__Lbank1                             bank1        000000
__Lbank10                            bank10       000000
__Lbank11                            bank11       000000
__Lbank12                            bank12       000000
__Lbank13                            bank13       000000
__Lbank14                            bank14       000000
__Lbank15                            bank15       000000
__Lbank2                             bank2        000000
__Lbank3                             bank3        000000
__Lbank4                             bank4        000000
__Lbank5                             bank5        000000
__Lbank6                             bank6        000000
__Lbank7                             bank7        000000
__Lbank8                             bank8        000000
__Lbank9                             bank9        000000
__Lbigbss                            bigbss       000000
__Lbigdata                           bigdata      000000
__Lbigram                            bigram       000000
__Lbss                               bss          000000
__LbssCOMRAM                         bssCOMRAM    000000
__Lcinit                             cinit        000000
__Lclrtext                           clrtext      000000
__Lcomram                            comram       000000
__Lconfig                            config       300000
__Lconst                             const        000000
__LcstackCOMRAM                      cstackCOMRAM 000000
__Ldata                              data         000000
__Leeprom_data                       eeprom_data  000000
__Lfarbss                            farbss       000000
__Lfardata                           fardata      000000
__Libigdata                          ibigdata     000000
__Lidata                             idata        000000
__Lidloc                             idloc        200000
__Lifardata                          ifardata     000000
__Linit                              init         000000
__Lintcode                           intcode      000000
__Lintcode_body                      intcode_body 000000
__Lintcodelo                         intcodelo    000000
__Lintentry                          intentry     000000
__Lintret                            intret       000000
__Lintsave_regs                      intsave_regs 000000
__Lirdata                            irdata       000000
__Lmediumconst                       mediumconst  000000
__LnvFARRAM                          nvFARRAM     000000
__Lnvbit                             nvbit        000000
__Lnvrram                            nvrram       000000
__Lparam                             rparam       000000
__Lpowerup                           powerup      000000
__Lram                               ram          000000
__Lramtop                            ramtop       001000
__Lrbit                              rbit         000000
__Lrbss                              rbss         000000
__Lrdata                             rdata        000000
__Lreset_vec                         reset_vec    000000
__Lrparam                            rparam       000000
__Lsfr                               sfr          000000
__Lsmallconst                        smallconst   001000
__Lspace_0                           (abs)        000000
__Lspace_1                           (abs)        000000
__Lspace_2                           (abs)        000000
__Lstack                             stack        000000
__Lstruct                            struct       000000
__Ltemp                              temp         000000
__Ltext                              text         000000
__Ltext0                             text0        000000
__Ltext1                             text1        000000
__Ltext10                            text10       000000
__Ltext11                            text11       000000
__Ltext12                            text12       000000
__Ltext13                            text13       000000
__Ltext14                            text14       000000
__Ltext15                            text15       000000
__Ltext16                            text16       000000
__Ltext17                            text17       000000
__Ltext18                            text18       000000
__Ltext19                            text19       000000
__Ltext2                             text2        000000
__Ltext20                            text20       000000
__Ltext21                            text21       000000
__Ltext22                            text22       000000
__Ltext23                            text23       000000
__Ltext24                            text24       000000
__Ltext25                            text25       000000
__Ltext26                            text26       000000
__Ltext27                            text27       000000
__Ltext28                            text28       000000
__Ltext3                             text3        000000
__Ltext4                             text4        000000
__Ltext5                             text5        000000
__Ltext6                             text6        000000
__Ltext7                             text7        000000
__Ltext8                             text8        000000
__Ltext9                             text9        000000
__S0                                 (abs)        30000E
__S1                                 (abs)        00001A
__S2                                 (abs)        000000
___awdiv                             text22       001804
___awdiv@counter                     cstackCOMRAM 000005
___awdiv@dividend                    cstackCOMRAM 000001
___awdiv@divisor                     cstackCOMRAM 000003
___awdiv@quotient                    cstackCOMRAM 000007
___awdiv@sign                        cstackCOMRAM 000006
___awmod                             text21       00190A
___awmod@counter                     cstackCOMRAM 000005
___awmod@dividend                    cstackCOMRAM 000001
___awmod@divisor                     cstackCOMRAM 000003
___awmod@sign                        cstackCOMRAM 000006
___inthi_sp                          stack        000000
___intlo_sp                          stack        000000
___param_bank                        (abs)        000000
___rparam_used                       (abs)        000001
___sp                                stack        000000
__accesstop                          (abs)        000080
__activetblptr                       (abs)        000003
__end_of_DisplayDateOnLCD            text20       00130C
__end_of_DisplayTimeToLCD            text19       001502
__end_of_Get_DS1307_RTC_Date         text10       001ABE
__end_of_Get_DS1307_RTC_Time         text9        001804
__end_of_I2C_ReStart                 text18       001D62
__end_of_I2C_Read_Byte               text17       001D44
__end_of_I2C_Send_ACK                text16       001D38
__end_of_I2C_Send_NACK               text15       001D2C
__end_of_I2C_Start                   text14       001D58
__end_of_I2C_Stop                    text13       001D4E
__end_of_I2C_Write_Byte              text12       001CDC
__end_of_InitI2C                     text8        001D02
__end_of_LCD_GotoXY                  text26       001C1C
__end_of_LCD_Init                    text6        00176A
__end_of_LCD_Putc_xy                 text24       001CF0
__end_of_LCD_Putrs                   text23       00190A
__end_of_LCD_Strobe                  text28       001D20
__end_of_LCD_WriteCommand            text27       001B80
__end_of_LCD_WriteData               text25       001C5E
__end_of_LCD_WriteNibble             text7        001C96
__end_of_MCU_HelloMessage            text5        001B20
__end_of_MCU_Init                    text4        001CC4
__end_of_Read_Bytes_From_DS1307_RTC  text11       001A56
__end_of_Set_DS1307_RTC_Date         text2        0015E8
__end_of_Set_DS1307_RTC_Time         text1        0016B4
__end_of_Write_Bytes_To_DS1307_RTC   text3        001BD4
__end_of___awdiv                     text22       001888
__end_of___awmod                     text21       00197A
__end_of__initialization             cinit        001D0C
__end_of_main                        text0        0019E8
__initialization                     cinit        001D02
__mediumconst                        mediumconst  000000
__pbssCOMRAM                         bssCOMRAM    000015
__pcinit                             cinit        001D02
__pcstackCOMRAM                      cstackCOMRAM 000001
__psmallconst                        smallconst   001000
__ptext0                             text0        00197A
__ptext1                             text1        0015E8
__ptext10                            text10       001A56
__ptext11                            text11       0019E8
__ptext12                            text12       001CC4
__ptext13                            text13       001D44
__ptext14                            text14       001D4E
__ptext15                            text15       001D20
__ptext16                            text16       001D2C
__ptext17                            text17       001D38
__ptext18                            text18       001D58
__ptext19                            text19       00130C
__ptext2                             text2        001502
__ptext20                            text20       00104E
__ptext21                            text21       00190A
__ptext22                            text22       001804
__ptext23                            text23       001888
__ptext24                            text24       001CDC
__ptext25                            text25       001C1C
__ptext26                            text26       001BD4
__ptext27                            text27       001B20
__ptext28                            text28       001D12
__ptext3                             text3        001B80
__ptext4                             text4        001C96
__ptext5                             text5        001ABE
__ptext6                             text6        0016B4
__ptext7                             text7        001C5E
__ptext8                             text8        001CF0
__ptext9                             text9        00176A
__ramtop                             ramtop       001000
__size_of_DisplayDateOnLCD           (abs)        000000
__size_of_DisplayTimeToLCD           (abs)        000000
__size_of_Get_DS1307_RTC_Date        (abs)        000000
__size_of_Get_DS1307_RTC_Time        (abs)        000000
__size_of_I2C_ReStart                (abs)        000000
__size_of_I2C_Read_Byte              (abs)        000000
__size_of_I2C_Send_ACK               (abs)        000000
__size_of_I2C_Send_NACK              (abs)        000000
__size_of_I2C_Start                  (abs)        000000
__size_of_I2C_Stop                   (abs)        000000
__size_of_I2C_Write_Byte             (abs)        000000
__size_of_InitI2C                    (abs)        000000
__size_of_LCD_GotoXY                 (abs)        000000
__size_of_LCD_Init                   (abs)        000000
__size_of_LCD_Putc_xy                (abs)        000000
__size_of_LCD_Putrs                  (abs)        000000
__size_of_LCD_Strobe                 (abs)        000000
__size_of_LCD_WriteCommand           (abs)        000000
__size_of_LCD_WriteData              (abs)        000000
__size_of_LCD_WriteNibble            (abs)        000000
__size_of_MCU_HelloMessage           (abs)        000000
__size_of_MCU_Init                   (abs)        000000
__size_of_Read_Bytes_From_DS1307_RTC (abs)        000000
__size_of_Set_DS1307_RTC_Date        (abs)        000000
__size_of_Set_DS1307_RTC_Time        (abs)        000000
__size_of_Write_Bytes_To_DS1307_RTC  (abs)        000000
__size_of___awdiv                    (abs)        000000
__size_of___awmod                    (abs)        000000
__size_of_main                       (abs)        000000
__smallconst                         smallconst   001000
_main                                text0        00197A
_pRTCArray                           bssCOMRAM    000016
end_of_initialization                cinit        001D0C
intlevel0                            text         000000
intlevel1                            text         000000
intlevel2                            text         000000
intlevel3                            text         000000
stackhi                              (abs)        000F7F
stacklo                              (abs)        000080
start                                init         000000
start_initialization                 cinit        001D02


FUNCTION INFORMATION:

 *************** function _main *****************
 Defined at:
		line 34 in file "main.c"
 Parameters:    Size  Location     Type
		None
 Auto vars:     Size  Location     Type
		None
 Return value:  Size  Location     Type
                  1    wreg      void 
 Registers used:
		wreg, fsr2l, fsr2h, status,2, status,0, tblptrl, tblptrh, tblptru, prodl, prodh, cstack
 Tracked objects:
		On entry : 
		On exit  : 
		Unchanged: 
 Data sizes:     COMRAM   BANK0   BANK1   BANK2   BANK3   BANK4   BANK5   BANK6   BANK7   BANK8   BANK9  BANK10  BANK11  BANK12  BANK13  BANK14  BANK15
      Params:         0       0       0       0       0       0       0       0       0       0       0       0       0       0       0       0       0
      Locals:         0       0       0       0       0       0       0       0       0       0       0       0       0       0       0       0       0
      Temps:          2       0       0       0       0       0       0       0       0       0       0       0       0       0       0       0       0
      Totals:         2       0       0       0       0       0       0       0       0       0       0       0       0       0       0       0       0
Total ram usage:        2 bytes
 Hardware stack levels required when called:    5
 This function calls:
		_DisplayDateOnLCD
		_DisplayTimeToLCD
		_Get_DS1307_RTC_Date
		_Get_DS1307_RTC_Time
		_InitI2C
		_LCD_Init
		_MCU_HelloMessage
		_MCU_Init
		_Set_DS1307_RTC_Date
		_Set_DS1307_RTC_Time
 This function is called by:
		Startup code after reset
 This function uses a non-reentrant model


 *************** function _Set_DS1307_RTC_Time *****************
 Defined at:
		line 117 in file "ds1307.c"
 Parameters:    Size  Location     Type
  Mode            1    wreg     unsigned char 
  Hours           1    9[COMRAM] unsigned char 
  Mins            1   10[COMRAM] unsigned char 
  Secs            1   11[COMRAM] unsigned char 
 Auto vars:     Size  Location     Type
  Mode            1   14[COMRAM] unsigned char 
 Return value:  Size  Location     Type
                  1    wreg      void 
 Registers used:
		wreg, fsr2l, fsr2h, status,2, status,0, cstack
 Tracked objects:
		On entry : 
		On exit  : 
		Unchanged: 
 Data sizes:     COMRAM   BANK0   BANK1   BANK2   BANK3   BANK4   BANK5   BANK6   BANK7   BANK8   BANK9  BANK10  BANK11  BANK12  BANK13  BANK14  BANK15
      Params:         3       0       0       0       0       0       0       0       0       0       0       0       0       0       0       0       0
      Locals:         1       0       0       0       0       0       0       0       0       0       0       0       0       0       0       0       0
      Temps:          2       0       0       0       0       0       0       0       0       0       0       0       0       0       0       0       0
      Totals:         6       0       0       0       0       0       0       0       0       0       0       0       0       0       0       0       0
Total ram usage:        6 bytes
 Hardware stack levels used:    1
 Hardware stack levels required when called:    2
 This function calls:
		_Write_Bytes_To_DS1307_RTC
		___awdiv
		___awmod
 This function is called by:
		_main
 This function uses a non-reentrant model


 *************** function _Set_DS1307_RTC_Date *****************
 Defined at:
		line 189 in file "ds1307.c"
 Parameters:    Size  Location     Type
  Date            1    wreg     unsigned char 
  Month           1    9[COMRAM] unsigned char 
  Year            1   10[COMRAM] unsigned char 
  Day             1   11[COMRAM] unsigned char 
 Auto vars:     Size  Location     Type
  Date            1   14[COMRAM] unsigned char 
 Return value:  Size  Location     Type
                  1    wreg      void 
 Registers used:
		wreg, fsr2l, fsr2h, status,2, status,0, cstack
 Tracked objects:
		On entry : 
		On exit  : 
		Unchanged: 
 Data sizes:     COMRAM   BANK0   BANK1   BANK2   BANK3   BANK4   BANK5   BANK6   BANK7   BANK8   BANK9  BANK10  BANK11  BANK12  BANK13  BANK14  BANK15
      Params:         3       0       0       0       0       0       0       0       0       0       0       0       0       0       0       0       0
      Locals:         1       0       0       0       0       0       0       0       0       0       0       0       0       0       0       0       0
      Temps:          2       0       0       0       0       0       0       0       0       0       0       0       0       0       0       0       0
      Totals:         6       0       0       0       0       0       0       0       0       0       0       0       0       0       0       0       0
Total ram usage:        6 bytes
 Hardware stack levels used:    1
 Hardware stack levels required when called:    2
 This function calls:
		_Write_Bytes_To_DS1307_RTC
		___awdiv
		___awmod
 This function is called by:
		_main
 This function uses a non-reentrant model


 *************** function _Write_Bytes_To_DS1307_RTC *****************
 Defined at:
		line 57 in file "ds1307.c"
 Parameters:    Size  Location     Type
  Address         1    wreg     unsigned char 
  pData           2    1[COMRAM] PTR unsigned char 
		 -> pRTCArray(4), 
  NoOfBytes       1    3[COMRAM] unsigned char 
 Auto vars:     Size  Location     Type
  Address         1    6[COMRAM] unsigned char 
  i               2    7[COMRAM] unsigned int 
 Return value:  Size  Location     Type
                  1    wreg      void 
 Registers used:
		wreg, fsr2l, fsr2h, status,2, status,0, cstack
 Tracked objects:
		On entry : 
		On exit  : 
		Unchanged: 
 Data sizes:     COMRAM   BANK0   BANK1   BANK2   BANK3   BANK4   BANK5   BANK6   BANK7   BANK8   BANK9  BANK10  BANK11  BANK12  BANK13  BANK14  BANK15
      Params:         3       0       0       0       0       0       0       0       0       0       0       0       0       0       0       0       0
      Locals:         3       0       0       0       0       0       0       0       0       0       0       0       0       0       0       0       0
      Temps:          2       0       0       0       0       0       0       0       0       0       0       0       0       0       0       0       0
      Totals:         8       0       0       0       0       0       0       0       0       0       0       0       0       0       0       0       0
Total ram usage:        8 bytes
 Hardware stack levels used:    1
 Hardware stack levels required when called:    1
 This function calls:
		_I2C_Start
		_I2C_Stop
		_I2C_Write_Byte
 This function is called by:
		_Set_DS1307_RTC_Time
		_Set_DS1307_RTC_Date
 This function uses a non-reentrant model


 *************** function _MCU_Init *****************
 Defined at:
		line 54 in file "main.c"
 Parameters:    Size  Location     Type
		None
 Auto vars:     Size  Location     Type
		None
 Return value:  Size  Location     Type
                  1    wreg      void 
 Registers used:
		wreg, status,2
 Tracked objects:
		On entry : 
		On exit  : 
		Unchanged: 
 Data sizes:     COMRAM   BANK0   BANK1   BANK2   BANK3   BANK4   BANK5   BANK6   BANK7   BANK8   BANK9  BANK10  BANK11  BANK12  BANK13  BANK14  BANK15
      Params:         0       0       0       0       0       0       0       0       0       0       0       0       0       0       0       0       0
      Locals:         0       0       0       0       0       0       0       0       0       0       0       0       0       0       0       0       0
      Temps:          0       0       0       0       0       0       0       0       0       0       0       0       0       0       0       0       0
      Totals:         0       0       0       0       0       0       0       0       0       0       0       0       0       0       0       0       0
Total ram usage:        0 bytes
 Hardware stack levels used:    1
 This function calls:
		Nothing
 This function is called by:
		_main
 This function uses a non-reentrant model


 *************** function _MCU_HelloMessage *****************
 Defined at:
		line 72 in file "main.c"
 Parameters:    Size  Location     Type
		None
 Auto vars:     Size  Location     Type
		None
 Return value:  Size  Location     Type
                  1    wreg      void 
 Registers used:
		wreg, status,2, status,0, tblptrl, tblptrh, tblptru, prodl, prodh, cstack
 Tracked objects:
		On entry : 
		On exit  : 
		Unchanged: 
 Data sizes:     COMRAM   BANK0   BANK1   BANK2   BANK3   BANK4   BANK5   BANK6   BANK7   BANK8   BANK9  BANK10  BANK11  BANK12  BANK13  BANK14  BANK15
      Params:         0       0       0       0       0       0       0       0       0       0       0       0       0       0       0       0       0
      Locals:         0       0       0       0       0       0       0       0       0       0       0       0       0       0       0       0       0
      Temps:          2       0       0       0       0       0       0       0       0       0       0       0       0       0       0       0       0
      Totals:         2       0       0       0       0       0       0       0       0       0       0       0       0       0       0       0       0
Total ram usage:        2 bytes
 Hardware stack levels used:    1
 Hardware stack levels required when called:    4
 This function calls:
		_LCD_Putrs
		_LCD_WriteCommand
 This function is called by:
		_main
 This function uses a non-reentrant model


 *************** function _LCD_Init *****************
 Defined at:
		line 17 in file "lcd.c"
 Parameters:    Size  Location     Type
		None
 Auto vars:     Size  Location     Type
		None
 Return value:  Size  Location     Type
                  1    wreg      void 
 Registers used:
		wreg, status,2, status,0, cstack
 Tracked objects:
		On entry : 
		On exit  : 
		Unchanged: 
 Data sizes:     COMRAM   BANK0   BANK1   BANK2   BANK3   BANK4   BANK5   BANK6   BANK7   BANK8   BANK9  BANK10  BANK11  BANK12  BANK13  BANK14  BANK15
      Params:         0       0       0       0       0       0       0       0       0       0       0       0       0       0       0       0       0
      Locals:         0       0       0       0       0       0       0       0       0       0       0       0       0       0       0       0       0
      Temps:          1       0       0       0       0       0       0       0       0       0       0       0       0       0       0       0       0
      Totals:         1       0       0       0       0       0       0       0       0       0       0       0       0       0       0       0       0
Total ram usage:        1 bytes
 Hardware stack levels used:    1
 Hardware stack levels required when called:    2
 This function calls:
		_LCD_WriteCommand
		_LCD_WriteData
		_LCD_WriteNibble
 This function is called by:
		_main
 This function uses a non-reentrant model


 *************** function _LCD_WriteNibble *****************
 Defined at:
		line 66 in file "lcd.c"
 Parameters:    Size  Location     Type
  LCD_COMMAND     1    wreg     unsigned char 
 Auto vars:     Size  Location     Type
  LCD_COMMAND     1    1[COMRAM] unsigned char 
  LCD_PORT_DAT    1    2[COMRAM] unsigned char 
 Return value:  Size  Location     Type
                  1    wreg      void 
 Registers used:
		wreg, status,2, status,0, cstack
 Tracked objects:
		On entry : 
		On exit  : 
		Unchanged: 
 Data sizes:     COMRAM   BANK0   BANK1   BANK2   BANK3   BANK4   BANK5   BANK6   BANK7   BANK8   BANK9  BANK10  BANK11  BANK12  BANK13  BANK14  BANK15
      Params:         0       0       0       0       0       0       0       0       0       0       0       0       0       0       0       0       0
      Locals:         2       0       0       0       0       0       0       0       0       0       0       0       0       0       0       0       0
      Temps:          1       0       0       0       0       0       0       0       0       0       0       0       0       0       0       0       0
      Totals:         3       0       0       0       0       0       0       0       0       0       0       0       0       0       0       0       0
Total ram usage:        3 bytes
 Hardware stack levels used:    1
 Hardware stack levels required when called:    1
 This function calls:
		_LCD_Strobe
 This function is called by:
		_LCD_Init
 This function uses a non-reentrant model


 *************** function _InitI2C *****************
 Defined at:
		line 8 in file "i2c.c"
 Parameters:    Size  Location     Type
		None
 Auto vars:     Size  Location     Type
		None
 Return value:  Size  Location     Type
                  1    wreg      void 
 Registers used:
		wreg, status,2
 Tracked objects:
		On entry : 
		On exit  : 
		Unchanged: 
 Data sizes:     COMRAM   BANK0   BANK1   BANK2   BANK3   BANK4   BANK5   BANK6   BANK7   BANK8   BANK9  BANK10  BANK11  BANK12  BANK13  BANK14  BANK15
      Params:         0       0       0       0       0       0       0       0       0       0       0       0       0       0       0       0       0
      Locals:         0       0       0       0       0       0       0       0       0       0       0       0       0       0       0       0       0
      Temps:          0       0       0       0       0       0       0       0       0       0       0       0       0       0       0       0       0
      Totals:         0       0       0       0       0       0       0       0       0       0       0       0       0       0       0       0       0
Total ram usage:        0 bytes
 Hardware stack levels used:    1
 This function calls:
		Nothing
 This function is called by:
		_main
 This function uses a non-reentrant model


 *************** function _Get_DS1307_RTC_Time *****************
 Defined at:
		line 146 in file "ds1307.c"
 Parameters:    Size  Location     Type
		None
 Auto vars:     Size  Location     Type
		None
 Return value:  Size  Location     Type
                  2    8[COMRAM] PTR unsigned char 
 Registers used:
		wreg, fsr2l, fsr2h, status,2, status,0, prodl, prodh, cstack
 Tracked objects:
		On entry : 
		On exit  : 
		Unchanged: 
 Data sizes:     COMRAM   BANK0   BANK1   BANK2   BANK3   BANK4   BANK5   BANK6   BANK7   BANK8   BANK9  BANK10  BANK11  BANK12  BANK13  BANK14  BANK15
      Params:         2       0       0       0       0       0       0       0       0       0       0       0       0       0       0       0       0
      Locals:         0       0       0       0       0       0       0       0       0       0       0       0       0       0       0       0       0
      Temps:          1       0       0       0       0       0       0       0       0       0       0       0       0       0       0       0       0
      Totals:         3       0       0       0       0       0       0       0       0       0       0       0       0       0       0       0       0
Total ram usage:        3 bytes
 Hardware stack levels used:    1
 Hardware stack levels required when called:    2
 This function calls:
		_Read_Bytes_From_DS1307_RTC
 This function is called by:
		_main
 This function uses a non-reentrant model


 *************** function _Get_DS1307_RTC_Date *****************
 Defined at:
		line 210 in file "ds1307.c"
 Parameters:    Size  Location     Type
		None
 Auto vars:     Size  Location     Type
		None
 Return value:  Size  Location     Type
                  2    8[COMRAM] PTR unsigned char 
 Registers used:
		wreg, fsr2l, fsr2h, status,2, status,0, prodl, prodh, cstack
 Tracked objects:
		On entry : 
		On exit  : 
		Unchanged: 
 Data sizes:     COMRAM   BANK0   BANK1   BANK2   BANK3   BANK4   BANK5   BANK6   BANK7   BANK8   BANK9  BANK10  BANK11  BANK12  BANK13  BANK14  BANK15
      Params:         2       0       0       0       0       0       0       0       0       0       0       0       0       0       0       0       0
      Locals:         0       0       0       0       0       0       0       0       0       0       0       0       0       0       0       0       0
      Temps:          1       0       0       0       0       0       0       0       0       0       0       0       0       0       0       0       0
      Totals:         3       0       0       0       0       0       0       0       0       0       0       0       0       0       0       0       0
Total ram usage:        3 bytes
 Hardware stack levels used:    1
 Hardware stack levels required when called:    2
 This function calls:
		_Read_Bytes_From_DS1307_RTC
 This function is called by:
		_main
 This function uses a non-reentrant model


 *************** function _Read_Bytes_From_DS1307_RTC *****************
 Defined at:
		line 81 in file "ds1307.c"
 Parameters:    Size  Location     Type
  Address         1    wreg     unsigned char 
  pData           2    1[COMRAM] PTR unsigned char 
		 -> pRTCArray(4), 
  NoOfBytes       2    3[COMRAM] unsigned int 
 Auto vars:     Size  Location     Type
  Address         1    5[COMRAM] unsigned char 
  i               2    6[COMRAM] unsigned int 
 Return value:  Size  Location     Type
                  1    wreg      void 
 Registers used:
		wreg, fsr2l, fsr2h, status,2, status,0, cstack
 Tracked objects:
		On entry : 
		On exit  : 
		Unchanged: 
 Data sizes:     COMRAM   BANK0   BANK1   BANK2   BANK3   BANK4   BANK5   BANK6   BANK7   BANK8   BANK9  BANK10  BANK11  BANK12  BANK13  BANK14  BANK15
      Params:         4       0       0       0       0       0       0       0       0       0       0       0       0       0       0       0       0
      Locals:         3       0       0       0       0       0       0       0       0       0       0       0       0       0       0       0       0
      Temps:          0       0       0       0       0       0       0       0       0       0       0       0       0       0       0       0       0
      Totals:         7       0       0       0       0       0       0       0       0       0       0       0       0       0       0       0       0
Total ram usage:        7 bytes
 Hardware stack levels used:    1
 Hardware stack levels required when called:    1
 This function calls:
		_I2C_ReStart
		_I2C_Read_Byte
		_I2C_Send_ACK
		_I2C_Send_NACK
		_I2C_Start
		_I2C_Stop
		_I2C_Write_Byte
 This function is called by:
		_Get_DS1307_RTC_Time
		_Get_DS1307_RTC_Date
 This function uses a non-reentrant model


 *************** function _I2C_Write_Byte *****************
 Defined at:
		line 67 in file "i2c.c"
 Parameters:    Size  Location     Type
  Byte            1    wreg     unsigned char 
 Auto vars:     Size  Location     Type
  Byte            1    0[COMRAM] unsigned char 
 Return value:  Size  Location     Type
		None               void
 Registers used:
		wreg, status,0
 Tracked objects:
		On entry : 
		On exit  : 
		Unchanged: 
 Data sizes:     COMRAM   BANK0   BANK1   BANK2   BANK3   BANK4   BANK5   BANK6   BANK7   BANK8   BANK9  BANK10  BANK11  BANK12  BANK13  BANK14  BANK15
      Params:         0       0       0       0       0       0       0       0       0       0       0       0       0       0       0       0       0
      Locals:         1       0       0       0       0       0       0       0       0       0       0       0       0       0       0       0       0
      Temps:          0       0       0       0       0       0       0       0       0       0       0       0       0       0       0       0       0
      Totals:         1       0       0       0       0       0       0       0       0       0       0       0       0       0       0       0       0
Total ram usage:        1 bytes
 Hardware stack levels used:    1
 This function calls:
		Nothing
 This function is called by:
		_Write_Bytes_To_DS1307_RTC
		_Read_Bytes_From_DS1307_RTC
		_Write_Byte_To_DS1307_RTC
		_Read_Byte_From_DS1307_RTC
 This function uses a non-reentrant model


 *************** function _I2C_Stop *****************
 Defined at:
		line 37 in file "i2c.c"
 Parameters:    Size  Location     Type
		None
 Auto vars:     Size  Location     Type
		None
 Return value:  Size  Location     Type
                  1    wreg      void 
 Registers used:
		None
 Tracked objects:
		On entry : 
		On exit  : 
		Unchanged: 
 Data sizes:     COMRAM   BANK0   BANK1   BANK2   BANK3   BANK4   BANK5   BANK6   BANK7   BANK8   BANK9  BANK10  BANK11  BANK12  BANK13  BANK14  BANK15
      Params:         0       0       0       0       0       0       0       0       0       0       0       0       0       0       0       0       0
      Locals:         0       0       0       0       0       0       0       0       0       0       0       0       0       0       0       0       0
      Temps:          0       0       0       0       0       0       0       0       0       0       0       0       0       0       0       0       0
      Totals:         0       0       0       0       0       0       0       0       0       0       0       0       0       0       0       0       0
Total ram usage:        0 bytes
 Hardware stack levels used:    1
 This function calls:
		Nothing
 This function is called by:
		_Write_Bytes_To_DS1307_RTC
		_Read_Bytes_From_DS1307_RTC
		_Write_Byte_To_DS1307_RTC
		_Read_Byte_From_DS1307_RTC
 This function uses a non-reentrant model


 *************** function _I2C_Start *****************
 Defined at:
		line 19 in file "i2c.c"
 Parameters:    Size  Location     Type
		None
 Auto vars:     Size  Location     Type
		None
 Return value:  Size  Location     Type
                  1    wreg      void 
 Registers used:
		None
 Tracked objects:
		On entry : 
		On exit  : 
		Unchanged: 
 Data sizes:     COMRAM   BANK0   BANK1   BANK2   BANK3   BANK4   BANK5   BANK6   BANK7   BANK8   BANK9  BANK10  BANK11  BANK12  BANK13  BANK14  BANK15
      Params:         0       0       0       0       0       0       0       0       0       0       0       0       0       0       0       0       0
      Locals:         0       0       0       0       0       0       0       0       0       0       0       0       0       0       0       0       0
      Temps:          0       0       0       0       0       0       0       0       0       0       0       0       0       0       0       0       0
      Totals:         0       0       0       0       0       0       0       0       0       0       0       0       0       0       0       0       0
Total ram usage:        0 bytes
 Hardware stack levels used:    1
 This function calls:
		Nothing
 This function is called by:
		_Write_Bytes_To_DS1307_RTC
		_Read_Bytes_From_DS1307_RTC
		_Write_Byte_To_DS1307_RTC
		_Read_Byte_From_DS1307_RTC
 This function uses a non-reentrant model


 *************** function _I2C_Send_NACK *****************
 Defined at:
		line 57 in file "i2c.c"
 Parameters:    Size  Location     Type
		None
 Auto vars:     Size  Location     Type
		None
 Return value:  Size  Location     Type
                  1    wreg      void 
 Registers used:
		None
 Tracked objects:
		On entry : 
		On exit  : 
		Unchanged: 
 Data sizes:     COMRAM   BANK0   BANK1   BANK2   BANK3   BANK4   BANK5   BANK6   BANK7   BANK8   BANK9  BANK10  BANK11  BANK12  BANK13  BANK14  BANK15
      Params:         0       0       0       0       0       0       0       0       0       0       0       0       0       0       0       0       0
      Locals:         0       0       0       0       0       0       0       0       0       0       0       0       0       0       0       0       0
      Temps:          0       0       0       0       0       0       0       0       0       0       0       0       0       0       0       0       0
      Totals:         0       0       0       0       0       0       0       0       0       0       0       0       0       0       0       0       0
Total ram usage:        0 bytes
 Hardware stack levels used:    1
 This function calls:
		Nothing
 This function is called by:
		_Read_Bytes_From_DS1307_RTC
		_Read_Byte_From_DS1307_RTC
 This function uses a non-reentrant model


 *************** function _I2C_Send_ACK *****************
 Defined at:
		line 47 in file "i2c.c"
 Parameters:    Size  Location     Type
		None
 Auto vars:     Size  Location     Type
		None
 Return value:  Size  Location     Type
                  1    wreg      void 
 Registers used:
		None
 Tracked objects:
		On entry : 
		On exit  : 
		Unchanged: 
 Data sizes:     COMRAM   BANK0   BANK1   BANK2   BANK3   BANK4   BANK5   BANK6   BANK7   BANK8   BANK9  BANK10  BANK11  BANK12  BANK13  BANK14  BANK15
      Params:         0       0       0       0       0       0       0       0       0       0       0       0       0       0       0       0       0
      Locals:         0       0       0       0       0       0       0       0       0       0       0       0       0       0       0       0       0
      Temps:          0       0       0       0       0       0       0       0       0       0       0       0       0       0       0       0       0
      Totals:         0       0       0       0       0       0       0       0       0       0       0       0       0       0       0       0       0
Total ram usage:        0 bytes
 Hardware stack levels used:    1
 This function calls:
		Nothing
 This function is called by:
		_Read_Bytes_From_DS1307_RTC
 This function uses a non-reentrant model


 *************** function _I2C_Read_Byte *****************
 Defined at:
		line 78 in file "i2c.c"
 Parameters:    Size  Location     Type
		None
 Auto vars:     Size  Location     Type
		None
 Return value:  Size  Location     Type
                  1    wreg      unsigned char 
 Registers used:
		wreg, status,2
 Tracked objects:
		On entry : 
		On exit  : 
		Unchanged: 
 Data sizes:     COMRAM   BANK0   BANK1   BANK2   BANK3   BANK4   BANK5   BANK6   BANK7   BANK8   BANK9  BANK10  BANK11  BANK12  BANK13  BANK14  BANK15
      Params:         0       0       0       0       0       0       0       0       0       0       0       0       0       0       0       0       0
      Locals:         0       0       0       0       0       0       0       0       0       0       0       0       0       0       0       0       0
      Temps:          0       0       0       0       0       0       0       0       0       0       0       0       0       0       0       0       0
      Totals:         0       0       0       0       0       0       0       0       0       0       0       0       0       0       0       0       0
Total ram usage:        0 bytes
 Hardware stack levels used:    1
 This function calls:
		Nothing
 This function is called by:
		_Read_Bytes_From_DS1307_RTC
		_Read_Byte_From_DS1307_RTC
 This function uses a non-reentrant model


 *************** function _I2C_ReStart *****************
 Defined at:
		line 28 in file "i2c.c"
 Parameters:    Size  Location     Type
		None
 Auto vars:     Size  Location     Type
		None
 Return value:  Size  Location     Type
                  1    wreg      void 
 Registers used:
		None
 Tracked objects:
		On entry : 
		On exit  : 
		Unchanged: 
 Data sizes:     COMRAM   BANK0   BANK1   BANK2   BANK3   BANK4   BANK5   BANK6   BANK7   BANK8   BANK9  BANK10  BANK11  BANK12  BANK13  BANK14  BANK15
      Params:         0       0       0       0       0       0       0       0       0       0       0       0       0       0       0       0       0
      Locals:         0       0       0       0       0       0       0       0       0       0       0       0       0       0       0       0       0
      Temps:          0       0       0       0       0       0       0       0       0       0       0       0       0       0       0       0       0
      Totals:         0       0       0       0       0       0       0       0       0       0       0       0       0       0       0       0       0
Total ram usage:        0 bytes
 Hardware stack levels used:    1
 This function calls:
		Nothing
 This function is called by:
		_Read_Bytes_From_DS1307_RTC
		_Read_Byte_From_DS1307_RTC
 This function uses a non-reentrant model


 *************** function _DisplayTimeToLCD *****************
 Defined at:
		line 80 in file "main.c"
 Parameters:    Size  Location     Type
  pTimeArray      2   15[COMRAM] PTR unsigned char 
		 -> pRTCArray(4), 
 Auto vars:     Size  Location     Type
		None
 Return value:  Size  Location     Type
                  1    wreg      void 
 Registers used:
		wreg, fsr2l, fsr2h, status,2, status,0, tblptrl, tblptrh, tblptru, prodl, prodh, cstack
 Tracked objects:
		On entry : 
		On exit  : 
		Unchanged: 
 Data sizes:     COMRAM   BANK0   BANK1   BANK2   BANK3   BANK4   BANK5   BANK6   BANK7   BANK8   BANK9  BANK10  BANK11  BANK12  BANK13  BANK14  BANK15
      Params:         2       0       0       0       0       0       0       0       0       0       0       0       0       0       0       0       0
      Locals:         0       0       0       0       0       0       0       0       0       0       0       0       0       0       0       0       0
      Temps:          1       0       0       0       0       0       0       0       0       0       0       0       0       0       0       0       0
      Totals:         3       0       0       0       0       0       0       0       0       0       0       0       0       0       0       0       0
Total ram usage:        3 bytes
 Hardware stack levels used:    1
 Hardware stack levels required when called:    4
 This function calls:
		_LCD_Putc_xy
		_LCD_Putrs
		___awdiv
		___awmod
 This function is called by:
		_main
 This function uses a non-reentrant model


 *************** function _DisplayDateOnLCD *****************
 Defined at:
		line 104 in file "main.c"
 Parameters:    Size  Location     Type
  pDateArray      2   15[COMRAM] PTR unsigned char 
		 -> pRTCArray(4), 
 Auto vars:     Size  Location     Type
		None
 Return value:  Size  Location     Type
                  1    wreg      void 
 Registers used:
		wreg, fsr2l, fsr2h, status,2, status,0, tblptrl, tblptrh, tblptru, prodl, prodh, cstack
 Tracked objects:
		On entry : 
		On exit  : 
		Unchanged: 
 Data sizes:     COMRAM   BANK0   BANK1   BANK2   BANK3   BANK4   BANK5   BANK6   BANK7   BANK8   BANK9  BANK10  BANK11  BANK12  BANK13  BANK14  BANK15
      Params:         2       0       0       0       0       0       0       0       0       0       0       0       0       0       0       0       0
      Locals:         0       0       0       0       0       0       0       0       0       0       0       0       0       0       0       0       0
      Temps:          1       0       0       0       0       0       0       0       0       0       0       0       0       0       0       0       0
      Totals:         3       0       0       0       0       0       0       0       0       0       0       0       0       0       0       0       0
Total ram usage:        3 bytes
 Hardware stack levels used:    1
 Hardware stack levels required when called:    4
 This function calls:
		_LCD_Putc_xy
		_LCD_Putrs
		___awdiv
		___awmod
 This function is called by:
		_main
 This function uses a non-reentrant model


 *************** function ___awmod *****************
 Defined at:
		line 8 in file "C:\Program Files (x86)\Microchip\xc8\v1.42\sources\common\awmod.c"
 Parameters:    Size  Location     Type
  dividend        2    0[COMRAM] int 
  divisor         2    2[COMRAM] int 
 Auto vars:     Size  Location     Type
  sign            1    5[COMRAM] unsigned char 
  counter         1    4[COMRAM] unsigned char 
 Return value:  Size  Location     Type
                  2    0[COMRAM] int 
 Registers used:
		wreg, status,2, status,0
 Tracked objects:
		On entry : 
		On exit  : 
		Unchanged: 
 Data sizes:     COMRAM   BANK0   BANK1   BANK2   BANK3   BANK4   BANK5   BANK6   BANK7   BANK8   BANK9  BANK10  BANK11  BANK12  BANK13  BANK14  BANK15
      Params:         4       0       0       0       0       0       0       0       0       0       0       0       0       0       0       0       0
      Locals:         2       0       0       0       0       0       0       0       0       0       0       0       0       0       0       0       0
      Temps:          0       0       0       0       0       0       0       0       0       0       0       0       0       0       0       0       0
      Totals:         6       0       0       0       0       0       0       0       0       0       0       0       0       0       0       0       0
Total ram usage:        6 bytes
 Hardware stack levels used:    1
 This function calls:
		Nothing
 This function is called by:
		_Set_DS1307_RTC_Time
		_Set_DS1307_RTC_Date
		_DisplayTimeToLCD
		_DisplayDateOnLCD
 This function uses a non-reentrant model


 *************** function ___awdiv *****************
 Defined at:
		line 8 in file "C:\Program Files (x86)\Microchip\xc8\v1.42\sources\common\awdiv.c"
 Parameters:    Size  Location     Type
  dividend        2    0[COMRAM] int 
  divisor         2    2[COMRAM] int 
 Auto vars:     Size  Location     Type
  quotient        2    6[COMRAM] int 
  sign            1    5[COMRAM] unsigned char 
  counter         1    4[COMRAM] unsigned char 
 Return value:  Size  Location     Type
                  2    0[COMRAM] int 
 Registers used:
		wreg, status,2, status,0
 Tracked objects:
		On entry : 
		On exit  : 
		Unchanged: 
 Data sizes:     COMRAM   BANK0   BANK1   BANK2   BANK3   BANK4   BANK5   BANK6   BANK7   BANK8   BANK9  BANK10  BANK11  BANK12  BANK13  BANK14  BANK15
      Params:         4       0       0       0       0       0       0       0       0       0       0       0       0       0       0       0       0
      Locals:         4       0       0       0       0       0       0       0       0       0       0       0       0       0       0       0       0
      Temps:          0       0       0       0       0       0       0       0       0       0       0       0       0       0       0       0       0
      Totals:         8       0       0       0       0       0       0       0       0       0       0       0       0       0       0       0       0
Total ram usage:        8 bytes
 Hardware stack levels used:    1
 This function calls:
		Nothing
 This function is called by:
		_Set_DS1307_RTC_Time
		_Set_DS1307_RTC_Date
		_DisplayTimeToLCD
		_DisplayDateOnLCD
 This function uses a non-reentrant model


 *************** function _LCD_Putrs *****************
 Defined at:
		line 271 in file "lcd.c"
 Parameters:    Size  Location     Type
  LCD_STRING      3    5[COMRAM] PTR const unsigned char 
		 -> STR_18(4), STR_17(4), STR_16(4), STR_15(4), 
		 -> STR_14(4), STR_13(4), STR_12(4), STR_11(4), 
		 -> STR_10(2), STR_9(2), STR_8(2), ROM(65535), 
		 -> STR_7(3), STR_6(3), STR_5(2), STR_4(2), 
		 -> STR_3(2), STR_2(17), STR_1(17), 
  LCD_X           1    8[COMRAM] unsigned char 
  LCD_Y           1    9[COMRAM] unsigned char 
 Auto vars:     Size  Location     Type
  LCD_INDEX       1   14[COMRAM] unsigned char 
  LCD_WIDE_COU    1   13[COMRAM] unsigned char 
 Return value:  Size  Location     Type
                  1    wreg      void 
 Registers used:
		wreg, status,2, status,0, tblptrl, tblptrh, tblptru, prodl, prodh, cstack
 Tracked objects:
		On entry : 
		On exit  : 
		Unchanged: 
 Data sizes:     COMRAM   BANK0   BANK1   BANK2   BANK3   BANK4   BANK5   BANK6   BANK7   BANK8   BANK9  BANK10  BANK11  BANK12  BANK13  BANK14  BANK15
      Params:         5       0       0       0       0       0       0       0       0       0       0       0       0       0       0       0       0
      Locals:         2       0       0       0       0       0       0       0       0       0       0       0       0       0       0       0       0
      Temps:          3       0       0       0       0       0       0       0       0       0       0       0       0       0       0       0       0
      Totals:        10       0       0       0       0       0       0       0       0       0       0       0       0       0       0       0       0
Total ram usage:       10 bytes
 Hardware stack levels used:    1
 Hardware stack levels required when called:    3
 This function calls:
		_LCD_GotoXY
		_LCD_WriteData
 This function is called by:
		_MCU_HelloMessage
		_DisplayTimeToLCD
		_DisplayDateOnLCD
 This function uses a non-reentrant model


 *************** function _LCD_Putc_xy *****************
 Defined at:
		line 132 in file "lcd.c"
 Parameters:    Size  Location     Type
  LCD_DATA        1    wreg     unsigned char 
  LCD_X           1    8[COMRAM] unsigned char 
  LCD_Y           1    9[COMRAM] unsigned char 
 Auto vars:     Size  Location     Type
  LCD_DATA        1   10[COMRAM] unsigned char 
 Return value:  Size  Location     Type
                  1    wreg      void 
 Registers used:
		wreg, status,2, status,0, cstack
 Tracked objects:
		On entry : 
		On exit  : 
		Unchanged: 
 Data sizes:     COMRAM   BANK0   BANK1   BANK2   BANK3   BANK4   BANK5   BANK6   BANK7   BANK8   BANK9  BANK10  BANK11  BANK12  BANK13  BANK14  BANK15
      Params:         2       0       0       0       0       0       0       0       0       0       0       0       0       0       0       0       0
      Locals:         1       0       0       0       0       0       0       0       0       0       0       0       0       0       0       0       0
      Temps:          0       0       0       0       0       0       0       0       0       0       0       0       0       0       0       0       0
      Totals:         3       0       0       0       0       0       0       0       0       0       0       0       0       0       0       0       0
Total ram usage:        3 bytes
 Hardware stack levels used:    1
 Hardware stack levels required when called:    3
 This function calls:
		_LCD_GotoXY
		_LCD_WriteData
 This function is called by:
		_DisplayTimeToLCD
		_DisplayDateOnLCD
 This function uses a non-reentrant model


 *************** function _LCD_WriteData *****************
 Defined at:
		line 108 in file "lcd.c"
 Parameters:    Size  Location     Type
  LCD_DATA        1    wreg     unsigned char 
 Auto vars:     Size  Location     Type
  LCD_DATA        1    1[COMRAM] unsigned char 
  LCD_PORT_DAT    1    2[COMRAM] unsigned char 
 Return value:  Size  Location     Type
                  1    wreg      void 
 Registers used:
		wreg, status,2, status,0, cstack
 Tracked objects:
		On entry : 
		On exit  : 
		Unchanged: 
 Data sizes:     COMRAM   BANK0   BANK1   BANK2   BANK3   BANK4   BANK5   BANK6   BANK7   BANK8   BANK9  BANK10  BANK11  BANK12  BANK13  BANK14  BANK15
      Params:         0       0       0       0       0       0       0       0       0       0       0       0       0       0       0       0       0
      Locals:         2       0       0       0       0       0       0       0       0       0       0       0       0       0       0       0       0
      Temps:          1       0       0       0       0       0       0       0       0       0       0       0       0       0       0       0       0
      Totals:         3       0       0       0       0       0       0       0       0       0       0       0       0       0       0       0       0
Total ram usage:        3 bytes
 Hardware stack levels used:    1
 Hardware stack levels required when called:    1
 This function calls:
		_LCD_Strobe
 This function is called by:
		_LCD_Init
		_LCD_Putc_xy
		_LCD_Putrs
		_LCD_ClearSpace
		_LCD_ClearLine
		_LCD_Puts
 This function uses a non-reentrant model


 *************** function _LCD_GotoXY *****************
 Defined at:
		line 149 in file "lcd.c"
 Parameters:    Size  Location     Type
  LCD_X           1    wreg     unsigned char 
  LCD_Y           1    3[COMRAM] unsigned char 
 Auto vars:     Size  Location     Type
  LCD_X           1    4[COMRAM] unsigned char 
 Return value:  Size  Location     Type
                  1    wreg      void 
 Registers used:
		wreg, status,2, status,0, cstack
 Tracked objects:
		On entry : 
		On exit  : 
		Unchanged: 
 Data sizes:     COMRAM   BANK0   BANK1   BANK2   BANK3   BANK4   BANK5   BANK6   BANK7   BANK8   BANK9  BANK10  BANK11  BANK12  BANK13  BANK14  BANK15
      Params:         1       0       0       0       0       0       0       0       0       0       0       0       0       0       0       0       0
      Locals:         1       0       0       0       0       0       0       0       0       0       0       0       0       0       0       0       0
      Temps:          0       0       0       0       0       0       0       0       0       0       0       0       0       0       0       0       0
      Totals:         2       0       0       0       0       0       0       0       0       0       0       0       0       0       0       0       0
Total ram usage:        2 bytes
 Hardware stack levels used:    1
 Hardware stack levels required when called:    2
 This function calls:
		_LCD_WriteCommand
 This function is called by:
		_LCD_Putc_xy
		_LCD_Putrs
		_LCD_ClearSpace
		_LCD_Puts
 This function uses a non-reentrant model


 *************** function _LCD_WriteCommand *****************
 Defined at:
		line 83 in file "lcd.c"
 Parameters:    Size  Location     Type
  LCD_COMMAND     1    wreg     unsigned char 
 Auto vars:     Size  Location     Type
  LCD_COMMAND     1    2[COMRAM] unsigned char 
  LCD_PORT_DAT    1    1[COMRAM] unsigned char 
 Return value:  Size  Location     Type
                  1    wreg      void 
 Registers used:
		wreg, status,2, status,0, cstack
 Tracked objects:
		On entry : 
		On exit  : 
		Unchanged: 
 Data sizes:     COMRAM   BANK0   BANK1   BANK2   BANK3   BANK4   BANK5   BANK6   BANK7   BANK8   BANK9  BANK10  BANK11  BANK12  BANK13  BANK14  BANK15
      Params:         0       0       0       0       0       0       0       0       0       0       0       0       0       0       0       0       0
      Locals:         2       0       0       0       0       0       0       0       0       0       0       0       0       0       0       0       0
      Temps:          1       0       0       0       0       0       0       0       0       0       0       0       0       0       0       0       0
      Totals:         3       0       0       0       0       0       0       0       0       0       0       0       0       0       0       0       0
Total ram usage:        3 bytes
 Hardware stack levels used:    1
 Hardware stack levels required when called:    1
 This function calls:
		_LCD_Strobe
 This function is called by:
		_LCD_Init
		_LCD_GotoXY
		_MCU_HelloMessage
		_LCD_ClearLine
 This function uses a non-reentrant model


 *************** function _LCD_Strobe *****************
 Defined at:
		line 58 in file "lcd.c"
 Parameters:    Size  Location     Type
		None
 Auto vars:     Size  Location     Type
		None
 Return value:  Size  Location     Type
                  1    wreg      void 
 Registers used:
		None
 Tracked objects:
		On entry : 
		On exit  : 
		Unchanged: 
 Data sizes:     COMRAM   BANK0   BANK1   BANK2   BANK3   BANK4   BANK5   BANK6   BANK7   BANK8   BANK9  BANK10  BANK11  BANK12  BANK13  BANK14  BANK15
      Params:         0       0       0       0       0       0       0       0       0       0       0       0       0       0       0       0       0
      Locals:         0       0       0       0       0       0       0       0       0       0       0       0       0       0       0       0       0
      Temps:          0       0       0       0       0       0       0       0       0       0       0       0       0       0       0       0       0
      Totals:         0       0       0       0       0       0       0       0       0       0       0       0       0       0       0       0       0
Total ram usage:        0 bytes
 Hardware stack levels used:    1
 This function calls:
		Nothing
 This function is called by:
		_LCD_WriteNibble
		_LCD_WriteCommand
		_LCD_WriteData
 This function uses a non-reentrant model



MODULE INFORMATION

Module		Function		Class		Link	Load	Size
C:\Program Files (x86)\Microchip\xc8\v1.42\sources\common\awdiv.c
		___awdiv       		CODE           	1804	0000	133

C:\Program Files (x86)\Microchip\xc8\v1.42\sources\common\awdiv.c estimated size: 133

i2c.c
		_I2C_Stop      		CODE           	1D44	0000	11
		_InitI2C       		CODE           	1CF0	0000	19
		_I2C_Write_Byte		CODE           	1CC4	0000	25
		_I2C_Read_Byte 		CODE           	1D38	0000	13
		_I2C_Send_ACK  		CODE           	1D2C	0000	13
		_I2C_Send_NACK 		CODE           	1D20	0000	13
		_I2C_Start     		CODE           	1D4E	0000	11
		_I2C_ReStart   		CODE           	1D58	0000	11

i2c.c estimated size: 116

ds1307.c
		_Write_Bytes_To_DS1307_RTC		CODE           	1B80	0000	85
		_Get_DS1307_RTC_Date		CODE           	1A56	0000	105
		_Read_Bytes_From_DS1307_RTC		CODE           	19E8	0000	111
		_Get_DS1307_RTC_Time		CODE           	176A	0000	155
		_Set_DS1307_RTC_Date		CODE           	1502	0000	231
		_Set_DS1307_RTC_Time		CODE           	15E8	0000	205

ds1307.c estimated size: 892

shared
		__initialization		CODE           	1D02	0000	11

shared estimated size: 11

lcd.c
		_LCD_Strobe    		CODE           	1D12	0000	15
		_LCD_Init      		CODE           	16B4	0000	183
		_LCD_Putrs     		CODE           	1888	0000	131
		_LCD_Putc_xy   		CODE           	1CDC	0000	21
		_LCD_WriteNibble		CODE           	1C5E	0000	57
		_LCD_GotoXY    		CODE           	1BD4	0000	73
		_LCD_WriteCommand		CODE           	1B20	0000	97
		_LCD_WriteData 		CODE           	1C1C	0000	67

lcd.c estimated size: 644

C:\Program Files (x86)\Microchip\xc8\v1.42\sources\common\awmod.c
		___awmod       		CODE           	190A	0000	113

C:\Program Files (x86)\Microchip\xc8\v1.42\sources\common\awmod.c estimated size: 113

main.c
		_main          		CODE           	197A	0000	111
		_DisplayDateOnLCD		CODE           	104E	0000	703
		_DisplayTimeToLCD		CODE           	130C	0000	503
		_MCU_HelloMessage		CODE           	1ABE	0000	99
		_MCU_Init      		CODE           	1C96	0000	47

main.c estimated size: 1463

