Microchip MPLAB XC8 Compiler V1.42 ()

Linker command line:

-W-3 --edf=C:\Program Files (x86)\Microchip\xc8\v1.42\dat\en_msgs.txt -cs \
  -h+dist/default/production\XC8_16F84A_Semaphore.X.production.sym \
  --cmf=dist/default/production\XC8_16F84A_Semaphore.X.production.cmf -z \
  -Q16F84A -oC:\Users\MRCHU_~1\AppData\Local\Temp\s4fg.2 \
  -Mdist/default/production/XC8_16F84A_Semaphore.X.production.map -E1 \
  -ver=XC8 -ASTACK=013h-04dh -pstack=STACK -ACODE=00h-03FFh \
  -ASTRCODE=00h-03FFh -ASTRING=00h-0FFhx4 -ACONST=00h-0FFhx4 \
  -AENTRY=00h-0FFhx4 -ABANK0=0Ch-04Dh -ARAM=0Ch-04Dh -AABS1=0Ch-04Fh \
  -ACOMMON=04Eh-04Fh -ASFR0=00h-0Bh -ASFR1=080h-0CDh \
  -preset_vec=00h,intentry,init,end_init -ppowerup=CODE -pcinit=CODE \
  -pfunctab=CODE -ACONFIG=02007h-02007h -pconfig=CONFIG -DCONFIG=2 \
  -AIDLOC=02000h-02003h -pidloc=IDLOC -DIDLOC=2 -AEEDATA=00h-03Fh/02100h \
  -peeprom_data=EEDATA -DEEDATA=2 -DCODE=2 -DSTRCODE=2 -DSTRING=2 -DCONST=2 \
  -DENTRY=2 -k C:\Users\MRCHU_~1\AppData\Local\Temp\s4fg.obj \
  dist/default/production\XC8_16F84A_Semaphore.X.production.obj 

Object code version is 3.11

Machine type is 16F84A



                Name                               Link     Load   Length Selector   Space Scale
C:\Users\MRCHU_~1\AppData\Local\Temp\s4fg.obj
                end_init                              0        0        1        0       0
                config                             2007     2007        1     400E       0
dist/default/production\XC8_16F84A_Semaphore.X.production.obj
                cinit                               3FD      3FD        3      7FA       0
                text1                               38E      38E       1A      71C       0
                maintext                            3A8      3A8       55      750       0
                cstackBANK0                           C        C        6        C       1
                bssBANK0                             12       12        1        C       1

TOTAL           Name                               Link     Load   Length     Space
        CLASS   STACK          

        CLASS   CODE           
                end_init                              0        0        1         0
                cinit                               3FD      3FD        3         0
                text1                               38E      38E       1A         0
                maintext                            3A8      3A8       55         0

        CLASS   STRCODE        

        CLASS   STRING         

        CLASS   CONST          

        CLASS   ENTRY          

        CLASS   BANK0          
                cstackBANK0                           C        C        6         1
                bssBANK0                             12       12        1         1

        CLASS   RAM            

        CLASS   ABS1           
                abs_s1                               4E       4E        2         1

        CLASS   COMMON         

        CLASS   SFR0           

        CLASS   SFR1           

        CLASS   CONFIG         
                config                             2007     2007        1         0

        CLASS   IDLOC          

        CLASS   EEDATA         

        CLASS   BANK1          



SEGMENTS        Name                           Load    Length   Top    Selector   Space  Class     Delta

                reset_vec                      000000  000001  000001         0       0  CODE        2
                cstackBANK0                    00000C  000007  000013         C       1  BANK0       1
                text1                          00038E  00001A  0003A8       71C       0  CODE        2
                maintext                       0003A8  000055  0003FD       750       0  CODE        2
                cinit                          0003FD  000003  000400       7FA       0  CODE        2
                config                         002007  000001  002008      400E       0  CONFIG      2


UNUSED ADDRESS RANGES

        Name                Unused          Largest block    Delta
        BANK0            0013-004D             3B           1
        CODE             0001-038D            38D           2
        CONST            0001-038D            100           2
        EEDATA           2100-213F             40           2
        ENTRY            0001-038D            100           2
        IDLOC            2000-2003              4           2
        RAM              0013-004D             3B           1
        SFR0             0000-000B              C           1
        SFR1             0080-00CD             4E           1
        STACK            0013-004D             3B           1
        STRCODE          0001-038D            38D           2
        STRING           0001-038D            100           2

                                  Symbol Table

MCU_Delayms@acc          cstackBANK0 000F
MCU_Delayms@t            cstackBANK0 000C
_MCU_Delayms             text1       038E
_PORTB                   (abs)       0006
_PORTBbits               (abs)       0006
_TRISB                   (abs)       0086
__CFG_CP$OFF             (abs)       0000
__CFG_FOSC$XT            (abs)       0000
__CFG_PWRTE$ON           (abs)       0000
__CFG_WDTE$OFF           (abs)       0000
__Habs1                  abs1        0000
__Hbank0                 bank0       0000
__Hbank1                 bank1       0000
__HbssBANK0              bssBANK0    0000
__Hcinit                 cinit       0400
__Hclrtext               clrtext     0000
__Hcode                  code        0000
__Hcommon                common      0000
__Hconfig                config      2008
__HcstackBANK0           cstackBANK0 0000
__Heeprom_data           eeprom_data 0000
__Hend_init              end_init    0001
__Hfunctab               functab     0000
__Hidloc                 idloc       0000
__Hinit                  init        0000
__Hintentry              intentry    0000
__Hmaintext              maintext    0000
__Hpowerup               powerup     0000
__Hram                   ram         0000
__Hreset_vec             reset_vec   0000
__Hsfr0                  sfr0        0000
__Hsfr1                  sfr1        0000
__Hspace_0               (abs)       2008
__Hspace_1               (abs)       0013
__Hspace_2               (abs)       0000
__Hspace_3               (abs)       0000
__Hstack                 stack       0000
__Hstrings               strings     0000
__Htext                  text        0000
__Labs1                  abs1        0000
__Lbank0                 bank0       0000
__Lbank1                 bank1       0000
__LbssBANK0              bssBANK0    0000
__Lcinit                 cinit       03FD
__Lclrtext               clrtext     0000
__Lcode                  code        0000
__Lcommon                common      0000
__Lconfig                config      2007
__LcstackBANK0           cstackBANK0 0000
__Leeprom_data           eeprom_data 0000
__Lend_init              end_init    0000
__Lfunctab               functab     0000
__Lidloc                 idloc       0000
__Linit                  init        0000
__Lintentry              intentry    0000
__Lmaintext              maintext    0000
__Lpowerup               powerup     0000
__Lram                   ram         0000
__Lreset_vec             reset_vec   0000
__Lsfr0                  sfr0        0000
__Lsfr1                  sfr1        0000
__Lspace_0               (abs)       0000
__Lspace_1               (abs)       0000
__Lspace_2               (abs)       0000
__Lspace_3               (abs)       0000
__Lstack                 stack       0000
__Lstrings               strings     0000
__Ltext                  text        0000
__S0                     (abs)       2008
__S1                     (abs)       0013
__S2                     (abs)       0000
__S3                     (abs)       0000
___int_sp                stack       0000
___latbits               (abs)       0000
___sp                    stack       0000
__end_of_MCU_Delayms     text1       03A8
__end_of__initialization cinit       03FE
__end_of_main            maintext    03FD
__initialization         cinit       03FD
__pbssBANK0              bssBANK0    0012
__pcstackBANK0           cstackBANK0 000C
__pmaintext              maintext    03A8
__ptext1                 text1       038E
__size_of_MCU_Delayms    (abs)       0000
__size_of_main           (abs)       0000
_count                   bssBANK0    0012
_main                    maintext    03A8
btemp                    (abs)       004E
end_of_initialization    cinit       03FE
intlevel0                functab     0000
intlevel1                functab     0000
intlevel2                functab     0000
intlevel3                functab     0000
intlevel4                functab     0000
intlevel5                functab     0000
reset_vec                reset_vec   0000
stackhi                  (abs)       0000
stacklo                  (abs)       0000
start                    init        0000
start_initialization     cinit       03FD
wtemp0                   (abs)       004E


FUNCTION INFORMATION:

 *************** function _main *****************
 Defined at:
		line 52 in file "main.c"
 Parameters:    Size  Location     Type
		None
 Auto vars:     Size  Location     Type
		None
 Return value:  Size  Location     Type
                  1    wreg      void 
 Registers used:
		wreg, status,2, status,0, pclath, cstack
 Tracked objects:
		On entry : 
		On exit  : 
		Unchanged: 
 Data sizes:     COMMON   BANK0
      Params:         0       0
      Locals:         0       0
      Temps:          0       1
      Totals:         0       1
Total ram usage:        1 bytes
 Hardware stack levels required when called:    1
 This function calls:
		_MCU_Delayms
 This function is called by:
		Startup code after reset
 This function uses a non-reentrant model


 *************** function _MCU_Delayms *****************
 Defined at:
		line 82 in file "main.c"
 Parameters:    Size  Location     Type
  t               2    0[BANK0 ] unsigned int 
 Auto vars:     Size  Location     Type
  acc             2    3[BANK0 ] unsigned int 
 Return value:  Size  Location     Type
                  1    wreg      void 
 Registers used:
		wreg, status,2
 Tracked objects:
		On entry : 
		On exit  : 
		Unchanged: 
 Data sizes:     COMMON   BANK0
      Params:         0       2
      Locals:         0       2
      Temps:          0       1
      Totals:         0       5
Total ram usage:        5 bytes
 Hardware stack levels used:    1
 This function calls:
		Nothing
 This function is called by:
		_main
 This function uses a non-reentrant model



MODULE INFORMATION

Module		Function		Class		Link	Load	Size
shared
		__initialization		CODE           	03FD	0000	2

shared estimated size: 2

main.c
		_main          		CODE           	03A8	0000	86
		_MCU_Delayms   		CODE           	038E	0000	27

main.c estimated size: 113

